Component: ARM Compiler 5.06 update 7 (build 960) Tool: armlink [4d3601]

==============================================================================

Section Cross References

    main.o(.text) refers to _printf_pad.o(.text) for _printf_pre_padding
    main.o(.text) refers to _printf_percent.o(.ARM.Collect$$_printf_percent$$00000000) for _printf_percent
    main.o(.text) refers to _printf_x.o(.ARM.Collect$$_printf_percent$$0000000C) for _printf_x
    main.o(.text) refers to _printf_hex_int_ll_ptr.o(.text) for _printf_longlong_hex
    main.o(.text) refers to key.o(.text) for KEY_Scan
    main.o(.text) refers to fattester.o(.text) for mf_scan_files
    main.o(.text) refers to delay.o(.text) for delay_init
    main.o(.text) refers to misc.o(.text) for NVIC_PriorityGroupConfig
    main.o(.text) refers to usart.o(.text) for uart_init
    main.o(.text) refers to led.o(.text) for LED_Init
    main.o(.text) refers to lcd.o(.text) for LCD_Init
    main.o(.text) refers to w25qxx.o(.text) for W25QXX_Init
    main.o(.text) refers to usart3.o(.text) for usart3_init
    main.o(.text) refers to malloc.o(.text) for my_mem_init
    main.o(.text) refers to exfuns.o(.text) for exfuns_init
    main.o(.text) refers to tpad.o(.text) for TPAD_Init
    main.o(.text) refers to vs10xx.o(.text) for VS_Init
    main.o(.text) refers to ff.o(.text) for f_mount
    main.o(.text) refers to fontupd.o(.text) for font_init
    main.o(.text) refers to text.o(.text) for Show_Str
    main.o(.text) refers to common.o(.text) for qiuqiuni
    main.o(.text) refers to __2printf.o(.text) for __2printf
    main.o(.text) refers to recorder.o(.text) for recoder_play
    main.o(.text) refers to usmart_config.o(.data) for usmart_dev
    main.o(.text) refers to touch.o(.data) for tp_dev
    main.o(.text) refers to exfuns.o(.data) for fs
    main.o(.text) refers to lcd.o(.data) for POINT_COLOR
    system_stm32f10x.o(.text) refers to system_stm32f10x.o(.data) for SystemCoreClock
    led.o(.text) refers to stm32f10x_rcc.o(.text) for RCC_APB2PeriphClockCmd
    led.o(.text) refers to stm32f10x_gpio.o(.text) for GPIO_Init
    key.o(.text) refers to stm32f10x_rcc.o(.text) for RCC_APB2PeriphClockCmd
    key.o(.text) refers to stm32f10x_gpio.o(.text) for GPIO_Init
    key.o(.text) refers to delay.o(.text) for delay_ms
    key.o(.text) refers to key.o(.data) for key_up
    tpad.o(.text) refers to _printf_percent.o(.ARM.Collect$$_printf_percent$$00000000) for _printf_percent
    tpad.o(.text) refers to _printf_d.o(.ARM.Collect$$_printf_percent$$00000009) for _printf_d
    tpad.o(.text) refers to _printf_dec.o(.text) for _printf_int_dec
    tpad.o(.text) refers to stm32f10x_rcc.o(.text) for RCC_APB2PeriphClockCmd
    tpad.o(.text) refers to stm32f10x_gpio.o(.text) for GPIO_Init
    tpad.o(.text) refers to delay.o(.text) for delay_ms
    tpad.o(.text) refers to stm32f10x_tim.o(.text) for TIM_SetCounter
    tpad.o(.text) refers to __2printf.o(.text) for __2printf
    tpad.o(.text) refers to tpad.o(.data) for tpad_default_val
    lcd.o(.text) refers to _printf_percent.o(.ARM.Collect$$_printf_percent$$00000000) for _printf_percent
    lcd.o(.text) refers to _printf_x.o(.ARM.Collect$$_printf_percent$$0000000C) for _printf_x
    lcd.o(.text) refers to _printf_hex_int_ll_ptr.o(.text) for _printf_longlong_hex
    lcd.o(.text) refers to delay.o(.text) for delay_us
    lcd.o(.text) refers to lcd.o(.bss) for lcddev
    lcd.o(.text) refers to lcd.o(.data) for POINT_COLOR
    lcd.o(.text) refers to dflt_clz.o(x$fpl$dfltu) for __aeabi_ui2d
    lcd.o(.text) refers to dmul.o(x$fpl$dmul) for __aeabi_dmul
    lcd.o(.text) refers to dfixu.o(x$fpl$dfixu) for __aeabi_d2uiz
    lcd.o(.text) refers to stm32f10x_rcc.o(.text) for RCC_AHBPeriphClockCmd
    lcd.o(.text) refers to stm32f10x_gpio.o(.text) for GPIO_Init
    lcd.o(.text) refers to stm32f10x_fsmc.o(.text) for FSMC_NORSRAMInit
    lcd.o(.text) refers to __2printf.o(.text) for __2printf
    lcd.o(.text) refers to lcd.o(.constdata) for asc2_1206
    spi.o(.text) refers to stm32f10x_spi.o(.text) for SPI_I2S_GetFlagStatus
    spi.o(.text) refers to stm32f10x_rcc.o(.text) for RCC_APB2PeriphClockCmd
    spi.o(.text) refers to stm32f10x_gpio.o(.text) for GPIO_Init
    w25qxx.o(.text) refers to _printf_percent.o(.ARM.Collect$$_printf_percent$$00000000) for _printf_percent
    w25qxx.o(.text) refers to _printf_x.o(.ARM.Collect$$_printf_percent$$0000000C) for _printf_x
    w25qxx.o(.text) refers to _printf_hex_int_ll_ptr.o(.text) for _printf_longlong_hex
    w25qxx.o(.text) refers to spi.o(.text) for SPI2_ReadWriteByte
    w25qxx.o(.text) refers to stm32f10x_rcc.o(.text) for RCC_APB2PeriphClockCmd
    w25qxx.o(.text) refers to stm32f10x_gpio.o(.text) for GPIO_Init
    w25qxx.o(.text) refers to __2printf.o(.text) for __2printf
    w25qxx.o(.text) refers to delay.o(.text) for delay_us
    w25qxx.o(.text) refers to w25qxx.o(.data) for W25QXX_TYPE
[...]
    TIM_SetIC4Prescaler                      0x0800be09   Thumb Code    26  stm32f10x_tim.o(.text)
    TIM_SetIC3Prescaler                      0x0800bea5   Thumb Code    18  stm32f10x_tim.o(.text)
    TIM_SetIC2Prescaler                      0x0800bf31   Thumb Code    26  stm32f10x_tim.o(.text)
    TIM_SetIC1Prescaler                      0x0800bfcd   Thumb Code    18  stm32f10x_tim.o(.text)
    TIM_ICInit                               0x0800c04b   Thumb Code   150  stm32f10x_tim.o(.text)
    TIM_PWMIConfig                           0x0800c0e1   Thumb Code   124  stm32f10x_tim.o(.text)
    TIM_BDTRConfig                           0x0800c15d   Thumb Code    32  stm32f10x_tim.o(.text)
    TIM_TimeBaseStructInit                   0x0800c17d   Thumb Code    18  stm32f10x_tim.o(.text)
    TIM_OCStructInit                         0x0800c18f   Thumb Code    20  stm32f10x_tim.o(.text)
    TIM_ICStructInit                         0x0800c1a3   Thumb Code    18  stm32f10x_tim.o(.text)
    TIM_BDTRStructInit                       0x0800c1b5   Thumb Code    40  stm32f10x_tim.o(.text)
    TIM_Cmd                                  0x0800c1dd   Thumb Code    24  stm32f10x_tim.o(.text)
    TIM_CtrlPWMOutputs                       0x0800c1f5   Thumb Code    30  stm32f10x_tim.o(.text)
    TIM_ITConfig                             0x0800c213   Thumb Code    18  stm32f10x_tim.o(.text)
    TIM_GenerateEvent                        0x0800c225   Thumb Code     4  stm32f10x_tim.o(.text)
    TIM_DMAConfig                            0x0800c229   Thumb Code    10  stm32f10x_tim.o(.text)
    TIM_DMACmd                               0x0800c233   Thumb Code    18  stm32f10x_tim.o(.text)
    TIM_InternalClockConfig                  0x0800c245   Thumb Code    12  stm32f10x_tim.o(.text)
    TIM_SelectInputTrigger                   0x0800c251   Thumb Code    18  stm32f10x_tim.o(.text)
    TIM_ITRxExternalClockConfig              0x0800c263   Thumb Code    24  stm32f10x_tim.o(.text)
    TIM_TIxExternalClockConfig               0x0800c27b   Thumb Code    62  stm32f10x_tim.o(.text)
    TIM_ETRConfig                            0x0800c2b9   Thumb Code    28  stm32f10x_tim.o(.text)
    TIM_ETRClockMode1Config                  0x0800c2d5   Thumb Code    54  stm32f10x_tim.o(.text)
    TIM_ETRClockMode2Config                  0x0800c30b   Thumb Code    32  stm32f10x_tim.o(.text)
    TIM_PrescalerConfig                      0x0800c32b   Thumb Code     6  stm32f10x_tim.o(.text)
    TIM_CounterModeConfig                    0x0800c331   Thumb Code    18  stm32f10x_tim.o(.text)
    TIM_EncoderInterfaceConfig               0x0800c343   Thumb Code    66  stm32f10x_tim.o(.text)
    TIM_ForcedOC1Config                      0x0800c385   Thumb Code    18  stm32f10x_tim.o(.text)
    TIM_ForcedOC2Config                      0x0800c397   Thumb Code    26  stm32f10x_tim.o(.text)
    TIM_ForcedOC3Config                      0x0800c3b1   Thumb Code    18  stm32f10x_tim.o(.text)
    TIM_ForcedOC4Config                      0x0800c3c3   Thumb Code    26  stm32f10x_tim.o(.text)
    TIM_ARRPreloadConfig                     0x0800c3dd   Thumb Code    24  stm32f10x_tim.o(.text)
    TIM_SelectCOM                            0x0800c3f5   Thumb Code    24  stm32f10x_tim.o(.text)
    TIM_SelectCCDMA                          0x0800c40d   Thumb Code    24  stm32f10x_tim.o(.text)
    TIM_CCPreloadControl                     0x0800c425   Thumb Code    24  stm32f10x_tim.o(.text)
    TIM_OC1PreloadConfig                     0x0800c43d   Thumb Code    18  stm32f10x_tim.o(.text)
    TIM_OC2PreloadConfig                     0x0800c44f   Thumb Code    26  stm32f10x_tim.o(.text)
    TIM_OC3PreloadConfig                     0x0800c469   Thumb Code    18  stm32f10x_tim.o(.text)
    TIM_OC4PreloadConfig                     0x0800c47b   Thumb Code    26  stm32f10x_tim.o(.text)
    TIM_OC1FastConfig                        0x0800c495   Thumb Code    18  stm32f10x_tim.o(.text)
    TIM_OC2FastConfig                        0x0800c4a7   Thumb Code    26  stm32f10x_tim.o(.text)
    TIM_OC3FastConfig                        0x0800c4c1   Thumb Code    18  stm32f10x_tim.o(.text)
    TIM_OC4FastConfig                        0x0800c4d3   Thumb Code    26  stm32f10x_tim.o(.text)
    TIM_ClearOC1Ref                          0x0800c4ed   Thumb Code    18  stm32f10x_tim.o(.text)
    TIM_ClearOC2Ref                          0x0800c4ff   Thumb Code    24  stm32f10x_tim.o(.text)
    TIM_ClearOC3Ref                          0x0800c517   Thumb Code    18  stm32f10x_tim.o(.text)
    TIM_ClearOC4Ref                          0x0800c529   Thumb Code    24  stm32f10x_tim.o(.text)
    TIM_OC1PolarityConfig                    0x0800c541   Thumb Code    18  stm32f10x_tim.o(.text)
    TIM_OC1NPolarityConfig                   0x0800c553   Thumb Code    18  stm32f10x_tim.o(.text)
    TIM_OC2PolarityConfig                    0x0800c565   Thumb Code    26  stm32f10x_tim.o(.text)
    TIM_OC2NPolarityConfig                   0x0800c57f   Thumb Code    26  stm32f10x_tim.o(.text)
    TIM_OC3PolarityConfig                    0x0800c599   Thumb Code    26  stm32f10x_tim.o(.text)
    TIM_OC3NPolarityConfig                   0x0800c5b3   Thumb Code    26  stm32f10x_tim.o(.text)
    TIM_OC4PolarityConfig                    0x0800c5cd   Thumb Code    26  stm32f10x_tim.o(.text)
    TIM_CCxCmd                               0x0800c5e7   Thumb Code    30  stm32f10x_tim.o(.text)
    TIM_CCxNCmd                              0x0800c605   Thumb Code    30  stm32f10x_tim.o(.text)
    TIM_SelectOCxM                           0x0800c623   Thumb Code    82  stm32f10x_tim.o(.text)
    TIM_UpdateDisableConfig                  0x0800c675   Thumb Code    24  stm32f10x_tim.o(.text)
    TIM_UpdateRequestConfig                  0x0800c68d   Thumb Code    24  stm32f10x_tim.o(.text)
    TIM_SelectHallSensor                     0x0800c6a5   Thumb Code    24  stm32f10x_tim.o(.text)
    TIM_SelectOnePulseMode                   0x0800c6bd   Thumb Code    18  stm32f10x_tim.o(.text)
    TIM_SelectOutputTrigger                  0x0800c6cf   Thumb Code    18  stm32f10x_tim.o(.text)
    TIM_SelectSlaveMode                      0x0800c6e1   Thumb Code    18  stm32f10x_tim.o(.text)
    TIM_SelectMasterSlaveMode                0x0800c6f3   Thumb Code    18  stm32f10x_tim.o(.text)
    TIM_SetCounter                           0x0800c705   Thumb Code     4  stm32f10x_tim.o(.text)
    TIM_SetAutoreload                        0x0800c709   Thumb Code     4  stm32f10x_tim.o(.text)
    TIM_SetCompare1                          0x0800c70d   Thumb Code     4  stm32f10x_tim.o(.text)
    TIM_SetCompare2                          0x0800c711   Thumb Code     4  stm32f10x_tim.o(.text)
    TIM_SetCompare3                          0x0800c715   Thumb Code     4  stm32f10x_tim.o(.text)
    TIM_SetCompare4                          0x0800c719   Thumb Code     6  stm32f10x_tim.o(.text)
    TIM_SetClockDivision                     0x0800c71f   Thumb Code    18  stm32f10x_tim.o(.text)
    TIM_GetCapture1                          0x0800c731   Thumb Code     6  stm32f10x_tim.o(.text)
    TIM_GetCapture2                          0x0800c737   Thumb Code     6  stm32f10x_tim.o(.text)
    TIM_GetCapture3                          0x0800c73d   Thumb Code     6  stm32f10x_tim.o(.text)
    TIM_GetCapture4                          0x0800c743   Thumb Code     8  stm32f10x_tim.o(.text)
    TIM_GetCounter                           0x0800c74b   Thumb Code     6  stm32f10x_tim.o(.text)
    TIM_GetPrescaler                         0x0800c751   Thumb Code     6  stm32f10x_tim.o(.text)
    TIM_GetFlagStatus                        0x0800c757   Thumb Code    18  stm32f10x_tim.o(.text)
    TIM_ClearFlag                            0x0800c769   Thumb Code     6  stm32f10x_tim.o(.text)
    TIM_GetITStatus                          0x0800c76f   Thumb Code    34  stm32f10x_tim.o(.text)
    TIM_ClearITPendingBit                    0x0800c791   Thumb Code     6  stm32f10x_tim.o(.text)
    DMA_DeInit                               0x0800c799   Thumb Code   324  stm32f10x_dma.o(.text)
    DMA_Init                                 0x0800c8dd   Thumb Code    60  stm32f10x_dma.o(.text)
    DMA_StructInit                           0x0800c919   Thumb Code    26  stm32f10x_dma.o(.text)
    DMA_Cmd                                  0x0800c933   Thumb Code    24  stm32f10x_dma.o(.text)
    DMA_ITConfig                             0x0800c94b   Thumb Code    18  stm32f10x_dma.o(.text)
    DMA_SetCurrDataCounter                   0x0800c95d   Thumb Code     4  stm32f10x_dma.o(.text)
    DMA_GetCurrDataCounter                   0x0800c961   Thumb Code     8  stm32f10x_dma.o(.text)
    DMA_GetFlagStatus                        0x0800c969   Thumb Code    40  stm32f10x_dma.o(.text)
    DMA_ClearFlag                            0x0800c991   Thumb Code    22  stm32f10x_dma.o(.text)
    DMA_GetITStatus                          0x0800c9a7   Thumb Code    40  stm32f10x_dma.o(.text)
    DMA_ClearITPendingBit                    0x0800c9cf   Thumb Code    22  stm32f10x_dma.o(.text)
    SDIO_DeInit                              0x0800c9ed   Thumb Code    28  stm32f10x_sdio.o(.text)
    SDIO_Init                                0x0800ca09   Thumb Code    42  stm32f10x_sdio.o(.text)
    SDIO_StructInit                          0x0800ca33   Thumb Code    16  stm32f10x_sdio.o(.text)
    SDIO_ClockCmd                            0x0800ca43   Thumb Code     6  stm32f10x_sdio.o(.text)
    SDIO_SetPowerState                       0x0800ca49   Thumb Code    22  stm32f10x_sdio.o(.text)
    SDIO_GetPowerState                       0x0800ca5f   Thumb Code    10  stm32f10x_sdio.o(.text)
    SDIO_ITConfig                            0x0800ca69   Thumb Code    26  stm32f10x_sdio.o(.text)
    SDIO_DMACmd                              0x0800ca83   Thumb Code     6  stm32f10x_sdio.o(.text)
    SDIO_SendCommand                         0x0800ca89   Thumb Code    38  stm32f10x_sdio.o(.text)
    SDIO_CmdStructInit                       0x0800caaf   Thumb Code    14  stm32f10x_sdio.o(.text)
    SDIO_GetCommandResponse                  0x0800cabd   Thumb Code     8  stm32f10x_sdio.o(.text)
    SDIO_GetResponse                         0x0800cac5   Thumb Code    22  stm32f10x_sdio.o(.text)
    SDIO_DataConfig                          0x0800cadb   Thumb Code    42  stm32f10x_sdio.o(.text)
    SDIO_DataStructInit                      0x0800cb05   Thumb Code    20  stm32f10x_sdio.o(.text)
    SDIO_GetDataCounter                      0x0800cb19   Thumb Code     6  stm32f10x_sdio.o(.text)
    SDIO_ReadData                            0x0800cb1f   Thumb Code     8  stm32f10x_sdio.o(.text)
    SDIO_WriteData                           0x0800cb27   Thumb Code     8  stm32f10x_sdio.o(.text)
    SDIO_GetFIFOCount                        0x0800cb2f   Thumb Code     6  stm32f10x_sdio.o(.text)
    SDIO_StartSDIOReadWait                   0x0800cb35   Thumb Code     8  stm32f10x_sdio.o(.text)
    SDIO_StopSDIOReadWait                    0x0800cb3d   Thumb Code     8  stm32f10x_sdio.o(.text)
    SDIO_SetSDIOReadWaitMode                 0x0800cb45   Thumb Code     8  stm32f10x_sdio.o(.text)
    SDIO_SetSDIOOperation                    0x0800cb4d   Thumb Code     8  stm32f10x_sdio.o(.text)
    SDIO_SendSDIOSuspendCmd                  0x0800cb55   Thumb Code     6  stm32f10x_sdio.o(.text)
    SDIO_CommandCompletionCmd                0x0800cb5b   Thumb Code     8  stm32f10x_sdio.o(.text)
    SDIO_CEATAITCmd                          0x0800cb63   Thumb Code    12  stm32f10x_sdio.o(.text)
    SDIO_SendCEATACmd                        0x0800cb6f   Thumb Code     8  stm32f10x_sdio.o(.text)
    SDIO_GetFlagStatus                       0x0800cb77   Thumb Code    20  stm32f10x_sdio.o(.text)
    SDIO_ClearFlag                           0x0800cb8b   Thumb Code     6  stm32f10x_sdio.o(.text)
    SDIO_GetITStatus                         0x0800cb91   Thumb Code    20  stm32f10x_sdio.o(.text)
    SDIO_ClearITPendingBit                   0x0800cba5   Thumb Code     6  stm32f10x_sdio.o(.text)
    mymemcpy                                 0x0800cbc1   Thumb Code    26  malloc.o(.text)
    mymemset                                 0x0800cbdb   Thumb Code    20  malloc.o(.text)
    my_mem_init                              0x0800cbef   Thumb Code    54  malloc.o(.text)
    my_mem_perused                           0x0800cc25   Thumb Code    54  malloc.o(.text)
    my_mem_malloc                            0x0800cc5b   Thumb Code   154  malloc.o(.text)
    my_mem_free                              0x0800ccf5   Thumb Code    94  malloc.o(.text)
    myfree                                   0x0800cd53   Thumb Code    32  malloc.o(.text)
    mymalloc                                 0x0800cd73   Thumb Code    36  malloc.o(.text)
    myrealloc                                0x0800cd97   Thumb Code    68  malloc.o(.text)
    disk_status                              0x0800cded   Thumb Code     6  diskio.o(.text)
    disk_initialize                          0x0800cdf3   Thumb Code    52  diskio.o(.text)
    disk_read                                0x0800ce27   Thumb Code   122  diskio.o(.text)
    disk_write                               0x0800cea1   Thumb Code   122  diskio.o(.text)
    disk_ioctl                               0x0800cf1b   Thumb Code   170  diskio.o(.text)
    get_fattime                              0x0800cfc5   Thumb Code     4  diskio.o(.text)
    ff_memalloc                              0x0800cfc9   Thumb Code    14  diskio.o(.text)
    ff_memfree                               0x0800cfd7   Thumb Code    14  diskio.o(.text)
    clust2sect                               0x0800d1a3   Thumb Code    26  ff.o(.text)
    get_fat                                  0x0800d1bd   Thumb Code   242  ff.o(.text)
    put_fat                                  0x0800d2af   Thumb Code   322  ff.o(.text)
    dir_sdi                                  0x0800d565   Thumb Code   158  ff.o(.text)
    f_mount                                  0x0800e5ef   Thumb Code    86  ff.o(.text)
    f_open                                   0x0800e645   Thumb Code   384  ff.o(.text)
    f_read                                   0x0800e7c5   Thumb Code   450  ff.o(.text)
    f_write                                  0x0800e987   Thumb Code   490  ff.o(.text)
    f_sync                                   0x0800eb71   Thumb Code   176  ff.o(.text)
    f_close                                  0x0800ec21   Thumb Code    32  ff.o(.text)
    f_lseek                                  0x0800ec41   Thumb Code   684  ff.o(.text)
    f_opendir                                0x0800eeed   Thumb Code   136  ff.o(.text)
    f_closedir                               0x0800ef75   Thumb Code    22  ff.o(.text)
    f_readdir                                0x0800ef8b   Thumb Code   114  ff.o(.text)
    f_stat                                   0x0800effd   Thumb Code    84  ff.o(.text)
    f_getfree                                0x0800f051   Thumb Code   258  ff.o(.text)
    f_truncate                               0x0800f153   Thumb Code   184  ff.o(.text)
    f_unlink                                 0x0800f20b   Thumb Code   190  ff.o(.text)
    f_mkdir                                  0x0800f2c9   Thumb Code   380  ff.o(.text)
    f_chmod                                  0x0800f445   Thumb Code   112  ff.o(.text)
    f_rename                                 0x0800f4b5   Thumb Code   290  ff.o(.text)
    f_utime                                  0x0800f5d7   Thumb Code   110  ff.o(.text)
    f_getlabel                               0x0800f645   Thumb Code   190  ff.o(.text)
    f_setlabel                               0x0800f703   Thumb Code   482  ff.o(.text)
    f_mkfs                                   0x0800f8e5   Thumb Code  1578  ff.o(.text)
    f_gets                                   0x0800ff0f   Thumb Code    82  ff.o(.text)
    f_putc                                   0x0800ffa5   Thumb Code    64  ff.o(.text)
    f_puts                                   0x0800ffe5   Thumb Code    74  ff.o(.text)
    f_printf                                 0x0801002f   Thumb Code   674  ff.o(.text)
    exfuns_init                              0x080102d1   Thumb Code   114  exfuns.o(.text)
    char_upper                               0x08010343   Thumb Code    26  exfuns.o(.text)
    f_typetell                               0x0801035d   Thumb Code   188  exfuns.o(.text)
    exf_getfree                              0x08010419   Thumb Code    74  exfuns.o(.text)
    mf_mount                                 0x08010479   Thumb Code    20  fattester.o(.text)
    mf_open                                  0x0801048d   Thumb Code    24  fattester.o(.text)
    mf_close                                 0x080104a5   Thumb Code    14  fattester.o(.text)
    mf_read                                  0x080104b3   Thumb Code   224  fattester.o(.text)
    mf_write                                 0x08010593   Thumb Code    68  fattester.o(.text)
    mf_opendir                               0x080105d7   Thumb Code    14  fattester.o(.text)
    mf_closedir                              0x080105e5   Thumb Code    10  fattester.o(.text)
    mf_readdir                               0x080105ef   Thumb Code   204  fattester.o(.text)
    mf_scan_files                            0x080106bb   Thumb Code   120  fattester.o(.text)
    mf_showfree                              0x08010733   Thumb Code    88  fattester.o(.text)
    mf_lseek                                 0x0801078b   Thumb Code    16  fattester.o(.text)
    mf_tell                                  0x0801079b   Thumb Code     8  fattester.o(.text)
    mf_size                                  0x080107a3   Thumb Code     8  fattester.o(.text)
    mf_mkdir                                 0x080107ab   Thumb Code    12  fattester.o(.text)
    mf_fmkfs                                 0x080107b7   Thumb Code    20  fattester.o(.text)
    mf_unlink                                0x080107cb   Thumb Code    12  fattester.o(.text)
    mf_rename                                0x080107d7   Thumb Code    16  fattester.o(.text)
    mf_getlabel                              0x080107e7   Thumb Code    58  fattester.o(.text)
    mf_setlabel                              0x08010821   Thumb Code    34  fattester.o(.text)
    mf_gets                                  0x08010843   Thumb Code   698  fattester.o(.text)
    mf_putc                                  0x08010afd   Thumb Code    18  fattester.o(.text)
    mf_puts                                  0x08010b0f   Thumb Code    18  fattester.o(.text)
    ff_convert                               0x08010b41   Thumb Code   146  mycc936.o(.text)
    ff_wtoupper                              0x08010bd3   Thumb Code    46  mycc936.o(.text)
    usmart_sys_cmd_exe                       0x08010c0d   Thumb Code  1554  usmart.o(.text)
    usmart_reset_runtime                     0x0801121f   Thumb Code    38  usmart.o(.text)
    usmart_get_runtime                       0x08011245   Thumb Code    60  usmart.o(.text)
    TIM4_IRQHandler                          0x08011281   Thumb Code    46  usmart.o(.text)
    Timer4_Init                              0x080112af   Thumb Code    88  usmart.o(.text)
    usmart_init                              0x08011307   Thumb Code    36  usmart.o(.text)
    usmart_cmd_rec                           0x0801132b   Thumb Code   170  usmart.o(.text)
    usmart_exe                               0x080113d5   Thumb Code   870  usmart.o(.text)
    usmart_scan                              0x0801173b   Thumb Code   120  usmart.o(.text)
    read_addr                                0x080117b3   Thumb Code     6  usmart.o(.text)
    write_addr                               0x080117b9   Thumb Code     4  usmart.o(.text)
    usmart_strcmp                            0x08011845   Thumb Code    34  usmart_str.o(.text)
    usmart_strcopy                           0x08011867   Thumb Code    22  usmart_str.o(.text)
    usmart_strlen                            0x0801187d   Thumb Code    24  usmart_str.o(.text)
    usmart_pow                               0x08011895   Thumb Code    22  usmart_str.o(.text)
    usmart_str2num                           0x080118ab   Thumb Code   202  usmart_str.o(.text)
    usmart_get_cmdname                       0x08011975   Thumb Code    54  usmart_str.o(.text)
    usmart_search_nextc                      0x080119ab   Thumb Code    22  usmart_str.o(.text)
    usmart_get_fname                         0x080119c1   Thumb Code   440  usmart_str.o(.text)
    usmart_get_aparm                         0x08011b79   Thumb Code   200  usmart_str.o(.text)
    usmart_get_parmpos                       0x08011c41   Thumb Code    26  usmart_str.o(.text)
    usmart_get_fparam                        0x08011c5b   Thumb Code   262  usmart_str.o(.text)
    fupd_prog                                0x08011d6d   Thumb Code   134  fontupd.o(.text)
    updata_fontx                             0x08011df3   Thumb Code   346  fontupd.o(.text)
    update_font                              0x08011f4d   Thumb Code   882  fontupd.o(.text)
    font_init                                0x080122bf   Thumb Code    64  fontupd.o(.text)
    Get_HzMat                                0x0801233d   Thumb Code   220  text.o(.text)
    Show_Font                                0x08012419   Thumb Code   190  text.o(.text)
    Show_Str                                 0x080124d7   Thumb Code   192  text.o(.text)
    Auto_Show_Str_Mid                        0x08012597   Thumb Code   118  text.o(.text)
    Show_Str_Mid                             0x0801260d   Thumb Code   106  text.o(.text)
    recoder_enter_rec_mode                   0x08012689   Thumb Code    82  recorder.o(.text)
    recoder_wav_init                         0x080126db   Thumb Code    64  recorder.o(.text)
    recoder_show_time                        0x0801271b   Thumb Code    98  recorder.o(.text)
    recoder_new_pathname                     0x0801277d   Thumb Code    54  recorder.o(.text)
    recoder_show_agc                         0x080127b3   Thumb Code    70  recorder.o(.text)
    sendwav                                  0x080127f9   Thumb Code   168  recorder.o(.text)
    rec_play_wav                             0x080128a1   Thumb Code   232  recorder.o(.text)
    recoder_play                             0x08012989   Thumb Code  1050  recorder.o(.text)
    atk_8266_apsta_test                      0x08012dcd   Thumb Code  2058  apsta.o(.text)
    atk_8266_at_response                     0x08013671   Thumb Code    46  common.o(.text)
    atk_8266_check_cmd                       0x0801369f   Thumb Code    44  common.o(.text)
    atk_8266_send_cmd                        0x080136cb   Thumb Code    92  common.o(.text)
    atk_8266_send_data                       0x08013727   Thumb Code    84  common.o(.text)
    atk_8266_quit_trans                      0x0801377b   Thumb Code   100  common.o(.text)
    atk_8266_apsta_check                     0x080137df   Thumb Code    62  common.o(.text)
    atk_8266_consta_check                    0x0801381d   Thumb Code    36  common.o(.text)
    atk_8266_load_keyboard                   0x08013841   Thumb Code   280  common.o(.text)
    atk_8266_key_staset                      0x08013959   Thumb Code   446  common.o(.text)
    atk_8266_get_keynum                      0x08013b17   Thumb Code   230  common.o(.text)
    atk_8266_get_wanip                       0x08013bfd   Thumb Code    62  common.o(.text)
    atk_8266_get_ip                          0x08013c3b   Thumb Code   254  common.o(.text)
    atk_8266_msg_show                        0x08013d39   Thumb Code   928  common.o(.text)
    atk_8266_wificonf_show                   0x080140d9   Thumb Code   230  common.o(.text)
    atk_8266_netpro_sel                      0x080141bf   Thumb Code   506  common.o(.text)
    atk_8266_ip_set                          0x080143b9   Thumb Code   520  common.o(.text)
    atk_8266_mode_cofig                      0x080145c1   Thumb Code   348  common.o(.text)
    atk_8266_mtest_ui                        0x0801471d   Thumb Code   168  common.o(.text)
    zxh_sta_8266_test                        0x080147c5   Thumb Code   660  common.o(.text)
    sendStr                                  0x08014a59   Thumb Code    62  common.o(.text)
    TcpSendWav                               0x08014a97   Thumb Code   162  common.o(.text)
    reciveStr                                0x08014b39   Thumb Code   216  common.o(.text)
    checkLink                                0x08014c11   Thumb Code   132  common.o(.text)
    qiuqiuni                                 0x08014c95   Thumb Code  1178  common.o(.text)
    atk_8266_test                            0x0801512f   Thumb Code   348  common.o(.text)
    atk_8266_wifiap_test                     0x08015369   Thumb Code  1948  wifiap.o(.text)
    zxh_atk_8266_wifiap_test                 0x08015b05   Thumb Code  1332  wifiap.o(.text)
    atk_8266_wifista_test                    0x0801604d   Thumb Code  1996  wifista.o(.text)
    check_status                             0x08016819   Thumb Code   160  wifista.o(.text)
    connect_wifi                             0x080168b9   Thumb Code   180  wifista.o(.text)
    connect_ip                               0x0801696d   Thumb Code   178  wifista.o(.text)
    zxh_atk_8266_wifista_test1               0x08016a1f   Thumb Code  1706  wifista.o(.text)
    zxh_atk_8266_wifista_test                0x080170c9   Thumb Code  1394  wifista.o(.text)
    __use_no_semihosting                     0x08017659   Thumb Code     2  use_no_semi_2.o(.text)
    __aeabi_ldivmod                          0x0801765b   Thumb Code     0  llsdiv.o(.text)
    _ll_sdiv                                 0x0801765b   Thumb Code    72  llsdiv.o(.text)
    __c89vsprintf                            0x080176a5   Thumb Code    32  c89vsprintf.o(.text)
    __2printf                                0x080176c9   Thumb Code    20  __2printf.o(.text)
    __2sprintf                               0x080176e1   Thumb Code    38  __2sprintf.o(.text)
    _printf_pre_padding                      0x0801770d   Thumb Code    44  _printf_pad.o(.text)
    _printf_post_padding                     0x08017739   Thumb Code    34  _printf_pad.o(.text)
    _printf_str                              0x0801775b   Thumb Code    82  _printf_str.o(.text)
    _printf_int_dec                          0x080177ad   Thumb Code   104  _printf_dec.o(.text)
    _printf_longlong_hex                     0x08017825   Thumb Code    86  _printf_hex_int_ll_ptr.o(.text)
    _printf_int_hex                          0x0801787b   Thumb Code    28  _printf_hex_int_ll_ptr.o(.text)
    _printf_ll_hex                           0x08017897   Thumb Code    12  _printf_hex_int_ll_ptr.o(.text)
    _printf_hex_ptr                          0x080178a3   Thumb Code    18  _printf_hex_int_ll_ptr.o(.text)
    __printf                                 0x080178b9   Thumb Code   388  __printf_flags_ss_wp.o(.text)
    strstr                                   0x08017a41   Thumb Code    36  strstr.o(.text)
    strcpy                                   0x08017a65   Thumb Code    72  strcpy.o(.text)
    strlen                                   0x08017aad   Thumb Code    62  strlen.o(.text)
    strcat                                   0x08017aeb   Thumb Code    24  strcat.o(.text)
    __aeabi_memcpy                           0x08017b03   Thumb Code     0  rt_memcpy_v6.o(.text)
    __rt_memcpy                              0x08017b03   Thumb Code   138  rt_memcpy_v6.o(.text)
    _memcpy_lastbytes                        0x08017b69   Thumb Code     0  rt_memcpy_v6.o(.text)
    strcmp                                   0x08017b8d   Thumb Code   128  strcmpv7m.o(.text)
    __use_two_region_memory                  0x08017c0d   Thumb Code     2  heapauxi.o(.text)
    __rt_heap_escrow$2region                 0x08017c0f   Thumb Code     2  heapauxi.o(.text)
    __rt_heap_expand$2region                 0x08017c11   Thumb Code     2  heapauxi.o(.text)
    __I$use$semihosting                      0x08017c13   Thumb Code     0  use_no_semi.o(.text)
    __use_no_semihosting_swi                 0x08017c13   Thumb Code     2  use_no_semi.o(.text)
    __aeabi_uldivmod                         0x08017c15   Thumb Code     0  lludivv7m.o(.text)
    _ll_udiv                                 0x08017c15   Thumb Code   238  lludivv7m.o(.text)
    __read_errno                             0x08017d03   Thumb Code    10  _rserrno.o(.text)
    __set_errno                              0x08017d0d   Thumb Code    12  _rserrno.o(.text)
    _printf_truncate_signed                  0x08017d19   Thumb Code    18  _printf_truncate.o(.text)
    _printf_truncate_unsigned                0x08017d2b   Thumb Code    18  _printf_truncate.o(.text)
    _printf_int_common                       0x08017d3d   Thumb Code   178  _printf_intcommon.o(.text)
    _printf_charcount                        0x08017def   Thumb Code    40  _printf_charcount.o(.text)
    _printf_char_common                      0x08017e23   Thumb Code    32  _printf_char_common.o(.text)
    _sputc                                   0x08017e49   Thumb Code    10  _sputc.o(.text)
    _printf_cs_common                        0x08017e53   Thumb Code    20  _printf_char.o(.text)
    _printf_char                             0x08017e67   Thumb Code    16  _printf_char.o(.text)
    _printf_string                           0x08017e77   Thumb Code     8  _printf_char.o(.text)
    _printf_char_file                        0x08017e81   Thumb Code    32  _printf_char_file.o(.text)
    _printf_wctomb                           0x08017ea5   Thumb Code   182  _printf_wctomb.o(.text)
    _printf_longlong_dec                     0x08017f61   Thumb Code   108  _printf_longlong_dec.o(.text)
    _printf_longlong_oct                     0x08017fdd   Thumb Code    66  _printf_oct_int_ll.o(.text)
    _printf_int_oct                          0x0801801f   Thumb Code    24  _printf_oct_int_ll.o(.text)
    _printf_ll_oct                           0x08018037   Thumb Code    12  _printf_oct_int_ll.o(.text)
    __aeabi_memcpy4                          0x0801804d   Thumb Code     0  rt_memcpy_w.o(.text)
    __aeabi_memcpy8                          0x0801804d   Thumb Code     0  rt_memcpy_w.o(.text)
    __rt_memcpy_w                            0x0801804d   Thumb Code   100  rt_memcpy_w.o(.text)
    _memcpy_lastbytes_aligned                0x08018095   Thumb Code     0  rt_memcpy_w.o(.text)
    __aeabi_errno_addr                       0x080180b1   Thumb Code     8  rt_errno_addr_intlibspace.o(.text)
    __errno$intlibspace                      0x080180b1   Thumb Code     0  rt_errno_addr_intlibspace.o(.text)
    __rt_errno_addr$intlibspace              0x080180b1   Thumb Code     0  rt_errno_addr_intlibspace.o(.text)
    _ll_udiv10                               0x080180b9   Thumb Code   138  lludiv10.o(.text)
    __lib_sel_fp_printf                      0x08018143   Thumb Code     2  _printf_fp_dec.o(.text)
    _printf_fp_dec_real                      0x080182f5   Thumb Code   620  _printf_fp_dec.o(.text)
    _printf_lcs_common                       0x08018561   Thumb Code    20  _printf_wchar.o(.text)
    _printf_wchar                            0x08018575   Thumb Code    16  _printf_wchar.o(.text)
    _printf_wstring                          0x08018585   Thumb Code     8  _printf_wchar.o(.text)
    ferror                                   0x0801858d   Thumb Code     8  ferror.o(.text)
    _wcrtomb                                 0x08018595   Thumb Code    64  _wcrtomb.o(.text)
    __user_libspace                          0x080185d5   Thumb Code     8  libspace.o(.text)
    __user_perproc_libspace                  0x080185d5   Thumb Code     0  libspace.o(.text)
    __user_perthread_libspace                0x080185d5   Thumb Code     0  libspace.o(.text)
    __user_setup_stackheap                   0x080185dd   Thumb Code    74  sys_stackheap_outer.o(.text)
    __rt_ctype_table                         0x08018629   Thumb Code    16  rt_ctype_table.o(.text)
    __rt_locale                              0x08018639   Thumb Code     8  rt_locale_intlibspace.o(.text)
    _printf_fp_infnan                        0x08018641   Thumb Code   112  _printf_fp_infnan.o(.text)
    _btod_etento                             0x080186c1   Thumb Code   224  bigflt0.o(.text)
    exit                                     0x080187a5   Thumb Code    18  exit.o(.text)
    _btod_d2e                                0x080187b7   Thumb Code    62  btod.o(CL$$btod_d2e)
    _d2e_denorm_low                          0x080187f5   Thumb Code    70  btod.o(CL$$btod_d2e_denorm_low)
    _d2e_norm_op1                            0x0801883b   Thumb Code    96  btod.o(CL$$btod_d2e_norm_op1)
    __btod_div_common                        0x0801889b   Thumb Code   696  btod.o(CL$$btod_div_common)
    _e2e                                     0x08018bd3   Thumb Code   220  btod.o(CL$$btod_e2e)
    _btod_ediv                               0x08018caf   Thumb Code    42  btod.o(CL$$btod_ediv)
    _btod_emul                               0x08018cd9   Thumb Code    42  btod.o(CL$$btod_emul)
    __btod_mult_common                       0x08018d03   Thumb Code   580  btod.o(CL$$btod_mult_common)
    __ARM_fpclassify                         0x08018f47   Thumb Code    40  fpclassify.o(i.__ARM_fpclassify)
    _is_digit                                0x08018f6f   Thumb Code    14  __printf_wp.o(i._is_digit)
    sqrt                                     0x08018f7d   Thumb Code    76  sqrt.o(i.sqrt)
    _get_lc_numeric                          0x08018fc9   Thumb Code    44  lc_numeric_c.o(locale$$code)
    _get_lc_ctype                            0x08018ff5   Thumb Code    44  lc_ctype_c.o(locale$$code)
    __aeabi_dadd                             0x08019021   Thumb Code     0  daddsub_clz.o(x$fpl$dadd)
    _dadd                                    0x08019021   Thumb Code   332  daddsub_clz.o(x$fpl$dadd)
    __fpl_dcmp_Inf                           0x08019171   Thumb Code    24  dcmpi.o(x$fpl$dcmpinf)
    __aeabi_d2uiz                            0x08019189   Thumb Code     0  dfixu.o(x$fpl$dfixu)
    _dfixu                                   0x08019189   Thumb Code    90  dfixu.o(x$fpl$dfixu)
    __aeabi_i2d                              0x080191e3   Thumb Code     0  dflt_clz.o(x$fpl$dflt)
    _dflt                                    0x080191e3   Thumb Code    46  dflt_clz.o(x$fpl$dflt)
    __aeabi_ui2d                             0x08019211   Thumb Code     0  dflt_clz.o(x$fpl$dfltu)
    _dfltu                                   0x08019211   Thumb Code    38  dflt_clz.o(x$fpl$dfltu)
    __aeabi_cdcmple                          0x08019239   Thumb Code     0  dleqf.o(x$fpl$dleqf)
    _dcmple                                  0x08019239   Thumb Code   120  dleqf.o(x$fpl$dleqf)
    __fpl_dcmple_InfNaN                      0x0801929b   Thumb Code     0  dleqf.o(x$fpl$dleqf)
    __aeabi_dmul                             0x080192b1   Thumb Code     0  dmul.o(x$fpl$dmul)
    _dmul                                    0x080192b1   Thumb Code   332  dmul.o(x$fpl$dmul)
    __fpl_dnaninf                            0x08019405   Thumb Code   156  dnaninf.o(x$fpl$dnaninf)
    __fpl_dretinf                            0x080194a1   Thumb Code    12  dretinf.o(x$fpl$dretinf)
    __aeabi_cdrcmple                         0x080194ad   Thumb Code     0  drleqf.o(x$fpl$drleqf)
    _drcmple                                 0x080194ad   Thumb Code   108  drleqf.o(x$fpl$drleqf)
    __aeabi_drsub                            0x08019519   Thumb Code     0  daddsub_clz.o(x$fpl$drsb)
    _drsb                                    0x08019519   Thumb Code    22  daddsub_clz.o(x$fpl$drsb)
    _dsqrt                                   0x08019531   Thumb Code   456  dsqrt_noumaal.o(x$fpl$dsqrt)
    __aeabi_dsub                             0x080196fd   Thumb Code     0  daddsub_clz.o(x$fpl$dsub)
    _dsub                                    0x080196fd   Thumb Code   464  daddsub_clz.o(x$fpl$dsub)
    __aeabi_f2d                              0x080198d1   Thumb Code     0  f2d.o(x$fpl$f2d)
    _f2d                                     0x080198d1   Thumb Code    86  f2d.o(x$fpl$f2d)
    __aeabi_fadd                             0x08019929   Thumb Code     0  faddsub_clz.o(x$fpl$fadd)
    _fadd                                    0x08019929   Thumb Code   196  faddsub_clz.o(x$fpl$fadd)
    __fpl_fcmp_Inf                           0x080199ed   Thumb Code    24  fcmpi.o(x$fpl$fcmpinf)
    __aeabi_fdiv                             0x08019a05   Thumb Code     0  fdiv.o(x$fpl$fdiv)
    _fdiv                                    0x08019a05   Thumb Code   384  fdiv.o(x$fpl$fdiv)
    __aeabi_cfcmpeq                          0x08019b89   Thumb Code     0  feqf.o(x$fpl$feqf)
    _fcmpeq                                  0x08019b89   Thumb Code   104  feqf.o(x$fpl$feqf)
    __aeabi_f2iz                             0x08019bf1   Thumb Code     0  ffix.o(x$fpl$ffix)
    _ffix                                    0x08019bf1   Thumb Code    54  ffix.o(x$fpl$ffix)
    __aeabi_f2uiz                            0x08019c29   Thumb Code     0  ffixu.o(x$fpl$ffixu)
    _ffixu                                   0x08019c29   Thumb Code    62  ffixu.o(x$fpl$ffixu)
    __aeabi_i2f                              0x08019c69   Thumb Code     0  fflt_clz.o(x$fpl$fflt)
    _fflt                                    0x08019c69   Thumb Code    48  fflt_clz.o(x$fpl$fflt)
    __aeabi_ui2f                             0x08019c99   Thumb Code     0  fflt_clz.o(x$fpl$ffltu)
    _ffltu                                   0x08019c99   Thumb Code    38  fflt_clz.o(x$fpl$ffltu)
    __aeabi_fmul                             0x08019cc1   Thumb Code     0  fmul.o(x$fpl$fmul)
    _fmul                                    0x08019cc1   Thumb Code   258  fmul.o(x$fpl$fmul)
    __fpl_fnaninf                            0x08019dc3   Thumb Code   140  fnaninf.o(x$fpl$fnaninf)
    __fpl_fretinf                            0x08019e4f   Thumb Code    10  fretinf.o(x$fpl$fretinf)
    __aeabi_fsub                             0x08019e59   Thumb Code     0  faddsub_clz.o(x$fpl$fsub)
    _fsub                                    0x08019e59   Thumb Code   234  faddsub_clz.o(x$fpl$fsub)
    _printf_fp_dec                           0x08019f43   Thumb Code     4  printf1.o(x$fpl$printf1)
    __I$use$fp                               0x08019f46   Number         0  usenofp.o(x$fpl$usenofp)
    asc2_1206                                0x08019f46   Data        1140  lcd.o(.constdata)
    asc2_1608                                0x0801a3ba   Data        1520  lcd.o(.constdata)
    asc2_2412                                0x0801a9aa   Data        3420  lcd.o(.constdata)
    bitrate                                  0x0801b706   Data          64  vs10xx.o(.constdata)
    FT5206_TPX_TBL                           0x0801b746   Data          10  ft5206.o(.constdata)
    GT9147_CFG_TBL                           0x0801b750   Data         184  gt9147.o(.constdata)
    GT9147_TPX_TBL                           0x0801b808   Data          10  gt9147.o(.constdata)
    OTT_TPX_TBL                              0x0801b812   Data          10  ott2001a.o(.constdata)
    TP_REMIND_MSG_TBL                        0x0801b81c   Data           4  touch.o(.constdata)
    memtblsize                               0x0801b820   Data           8  malloc.o(.constdata)
    memblksize                               0x0801b828   Data           8  malloc.o(.constdata)
    memsize                                  0x0801b830   Data           8  malloc.o(.constdata)
    FILE_TYPE_TBL                            0x0801b874   Data         312  exfuns.o(.constdata)
    GBK24_PATH                               0x0801bd6c   Data           4  fontupd.o(.constdata)
    GBK16_PATH                               0x0801bd70   Data           4  fontupd.o(.constdata)
    GBK12_PATH                               0x0801bd74   Data           4  fontupd.o(.constdata)
    UNIGBK_PATH                              0x0801bd78   Data           4  fontupd.o(.constdata)
    wav_plugin                               0x0801bd7c   Data          80  recorder.o(.constdata)
    Region$$Table$$Base                      0x0801c500   Number         0  anon$$obj.o(Region$$Table)
    Region$$Table$$Limit                     0x0801c520   Number         0  anon$$obj.o(Region$$Table)
    __ctype                                  0x0801c549   Data           0  lc_ctype_c.o(locale$$data)
    SystemCoreClock                          0x20000000   Data           4  system_stm32f10x.o(.data)
    AHBPrescTable                            0x20000004   Data          16  system_stm32f10x.o(.data)
    tpad_default_val                         0x20000016   Data           2  tpad.o(.data)
    POINT_COLOR                              0x2000001a   Data           2  lcd.o(.data)
    BACK_COLOR                               0x2000001c   Data           2  lcd.o(.data)
    W25QXX_TYPE                              0x2000001e   Data           2  w25qxx.o(.data)
    TransferError                            0x2000002a   Data           1  sdio_sdcard.o(.data)
    TransferEnd                              0x2000002b   Data           1  sdio_sdcard.o(.data)
    tempbuff                                 0x2000002c   Data           4  sdio_sdcard.o(.data)
    vsset                                    0x20000030   Data           8  vs10xx.o(.data)
    tp_dev                                   0x2000003c   Data          52  touch.o(.data)
    CMD_RDX                                  0x20000070   Data           1  touch.o(.data)
    CMD_RDY                                  0x20000071   Data           1  touch.o(.data)
    USART3_RX_STA                            0x20000072   Data           2  usart3.o(.data)
    __stdout                                 0x20000078   Data           4  usart.o(.data)
    USART_RX_STA                             0x2000007c   Data           2  usart.o(.data)
    mallco_dev                               0x20000094   Data          28  malloc.o(.data)
    FLASH_SECTOR_COUNT                       0x200000b0   Data           2  diskio.o(.data)
    fs                                       0x200000c0   Data           8  exfuns.o(.data)
    file                                     0x200000c8   Data           4  exfuns.o(.data)
    ftemp                                    0x200000cc   Data           4  exfuns.o(.data)
    br                                       0x200000d0   Data           4  exfuns.o(.data)
    bw                                       0x200000d4   Data           4  exfuns.o(.data)
    fatbuf                                   0x200000d8   Data           4  exfuns.o(.data)
    sys_cmd_tab                              0x200000dc   Data          28  usmart.o(.data)
    usmart_nametab                           0x200000f8   Data         264  usmart_config.o(.data)
    usmart_dev                               0x20000200   Data         244  usmart_config.o(.data)
    Count                                    0x200002f4   Data           4  common.o(.data)
    portnum                                  0x200002f8   Data           4  common.o(.data)
    wifista_ssid                             0x200002fc   Data           4  common.o(.data)
    wifista_encryption                       0x20000300   Data           4  common.o(.data)
    wifista_password                         0x20000304   Data           4  common.o(.data)
    zxh_wifista_ssid                         0x20000308   Data           4  common.o(.data)
    zxh_wifista_encryption                   0x2000030c   Data           4  common.o(.data)
    zxh_wifista_password                     0x20000310   Data           4  common.o(.data)
    wifiap_ssid                              0x20000314   Data           4  common.o(.data)
    wifiap_encryption                        0x20000318   Data           4  common.o(.data)
    wifiap_password                          0x2000031c   Data           4  common.o(.data)
    ATK_ESP8266_CWMODE_TBL                   0x20000320   Data          12  common.o(.data)
    ATK_ESP8266_WORKMODE_TBL                 0x2000032c   Data          12  common.o(.data)
    ATK_ESP8266_ECN_TBL                      0x20000338   Data          20  common.o(.data)
    kbd_tbl                                  0x2000034c   Data          52  common.o(.data)
    kbd_fn_tbl                               0x20000380   Data           8  common.o(.data)
    netpro                                   0x20000389   Data           1  wifista.o(.data)
    lcddev                                   0x2000038c   Data          14  lcd.o(.bss)
    W25QXX_BUFFER                            0x2000039a   Data        4096  w25qxx.o(.bss)
    SDIO_InitStructure                       0x200013a0   Data          24  sdio_sdcard.o(.bss)
    SDIO_CmdInitStructure                    0x200013b8   Data          20  sdio_sdcard.o(.bss)
    SDIO_DataInitStructure                   0x200013cc   Data          24  sdio_sdcard.o(.bss)
    SDCardInfo                               0x20001408   Data          88  sdio_sdcard.o(.bss)
    SDIO_DATA_BUFFER                         0x20001460   Data         512  sdio_sdcard.o(.bss)
    USART3_RX_BUF                            0x20001660   Data         600  usart3.o(.bss)
    USART3_TX_BUF                            0x200018b8   Data         600  usart3.o(.bss)
    USART_RX_BUF                             0x20001b10   Data         200  usart.o(.bss)
    mem1base                                 0x20001be0   Data       40960  malloc.o(.bss)
    mem1mapbase                              0x2000bbe0   Data        2560  malloc.o(.bss)
    fileinfo                                 0x2000c5e0   Data          32  exfuns.o(.bss)
    dir                                      0x2000c600   Data          36  exfuns.o(.bss)
    ftinfo                                   0x2000c624   Data          33  fontupd.o(.bss)
    __libspace_start                         0x2000c648   Data          96  libspace.o(.bss)
    __temporary_stack_top$libspace           0x2000c6a8   Data           0  libspace.o(.bss)
    mem2base                                 0x68000000   Data       983040  malloc.o(.ARM.__AT_0x68000000)
    mem2mapbase                              0x680f0000   Data       61440  malloc.o(.ARM.__AT_0x680F0000)



==============================================================================

Memory Map of the image

  Image Entry point : 0x08000131

  Load Region LR_IROM1 (Base: 0x08000000, Size: 0x0001c9d8, Max: 0x00080000, ABSOLUTE, COMPRESSED[0x0001c800])

    Execution Region ER_IROM1 (Exec base: 0x08000000, Load base: 0x08000000, Size: 0x0001c64c, Max: 0x00080000, ABSOLUTE)

    Exec Addr    Load Addr    Size         Type   Attr      Idx    E Section Name        Object

    0x08000000   0x08000000   0x00000130   Data   RO          641    RESET               startup_stm32f10x_hd.o
    0x08000130   0x08000130   0x00000008   Code   RO         1099  * !!!main             c_w.l(__main.o)
    0x08000138   0x08000138   0x00000034   Code   RO         1457    !!!scatter          c_w.l(__scatter.o)
    0x0800016c   0x0800016c   0x0000005a   Code   RO         1455    !!dczerorl2         c_w.l(__dczerorl2.o)
    0x080001c6   0x080001c6   0x00000002   PAD
    0x080001c8   0x080001c8   0x0000001c   Code   RO         1459    !!handler_zi        c_w.l(__scatter_zi.o)
    0x080001e4   0x080001e4   0x00000000   Code   RO         1084    .ARM.Collect$$_printf_percent$$00000000  c_w.l(_printf_percent.o)
    0x080001e4   0x080001e4   0x00000006   Code   RO         1193    .ARM.Collect$$_printf_percent$$00000001  c_w.l(_printf_n.o)
    0x080001ea   0x080001ea   0x00000006   Code   RO         1194    .ARM.Collect$$_printf_percent$$00000002  c_w.l(_printf_p.o)
    0x080001f0   0x080001f0   0x00000006   Code   RO         1197    .ARM.Collect$$_printf_percent$$00000003  c_w.l(_printf_f.o)
    0x080001f6   0x080001f6   0x00000006   Code   RO         1198    .ARM.Collect$$_printf_percent$$00000004  c_w.l(_printf_e.o)
    0x080001fc   0x080001fc   0x00000006   Code   RO         1199    .ARM.Collect$$_printf_percent$$00000005  c_w.l(_printf_g.o)
    0x08000202   0x08000202   0x00000006   Code   RO         1200    .ARM.Collect$$_printf_percent$$00000006  c_w.l(_printf_a.o)
    0x08000208   0x08000208   0x0000000a   Code   RO         1205    .ARM.Collect$$_printf_percent$$00000007  c_w.l(_printf_ll.o)
    0x08000212   0x08000212   0x00000006   Code   RO         1196    .ARM.Collect$$_printf_percent$$00000008  c_w.l(_printf_i.o)
    0x08000218   0x08000218   0x00000006   Code   RO         1082    .ARM.Collect$$_printf_percent$$00000009  c_w.l(_printf_d.o)
    0x0800021e   0x0800021e   0x00000006   Code   RO         1083    .ARM.Collect$$_printf_percent$$0000000A  c_w.l(_printf_u.o)
    0x08000224   0x08000224   0x00000006   Code   RO         1195    .ARM.Collect$$_printf_percent$$0000000B  c_w.l(_printf_o.o)
    0x0800022a   0x0800022a   0x00000006   Code   RO         1081    .ARM.Collect$$_printf_percent$$0000000C  c_w.l(_printf_x.o)
    0x08000230   0x08000230   0x00000006   Code   RO         1202    .ARM.Collect$$_printf_percent$$0000000D  c_w.l(_printf_lli.o)
    0x08000236   0x08000236   0x00000006   Code   RO         1203    .ARM.Collect$$_printf_percent$$0000000E  c_w.l(_printf_lld.o)
    0x0800023c   0x0800023c   0x00000006   Code   RO         1204    .ARM.Collect$$_printf_percent$$0000000F  c_w.l(_printf_llu.o)
    0x08000242   0x08000242   0x00000006   Code   RO         1209    .ARM.Collect$$_printf_percent$$00000010  c_w.l(_printf_llo.o)
    0x08000248   0x08000248   0x00000006   Code   RO         1210    .ARM.Collect$$_printf_percent$$00000011  c_w.l(_printf_llx.o)
    0x0800024e   0x0800024e   0x0000000a   Code   RO         1206    .ARM.Collect$$_printf_percent$$00000012  c_w.l(_printf_l.o)
    0x08000258   0x08000258   0x00000006   Code   RO         1079    .ARM.Collect$$_printf_percent$$00000013  c_w.l(_printf_c.o)
    0x0800025e   0x0800025e   0x00000006   Code   RO         1080    .ARM.Collect$$_printf_percent$$00000014  c_w.l(_printf_s.o)
    0x08000264   0x08000264   0x00000006   Code   RO         1207    .ARM.Collect$$_printf_percent$$00000015  c_w.l(_printf_lc.o)
    0x0800026a   0x0800026a   0x00000006   Code   RO         1208    .ARM.Collect$$_printf_percent$$00000016  c_w.l(_printf_ls.o)
    0x08000270   0x08000270   0x00000004   Code   RO         1201    .ARM.Collect$$_printf_percent$$00000017  c_w.l(_printf_percent_end.o)
    0x08000274   0x08000274   0x00000002   Code   RO         1319    .ARM.Collect$$libinit$$00000000  c_w.l(libinit.o)
    0x08000276   0x08000276   0x00000000   Code   RO         1334    .ARM.Collect$$libinit$$00000002  c_w.l(libinit2.o)
    0x08000276   0x08000276   0x00000000   Code   RO         1336    .ARM.Collect$$libinit$$00000004  c_w.l(libinit2.o)
    0x08000276   0x08000276   0x00000000   Code   RO         1339    .ARM.Collect$$libinit$$0000000A  c_w.l(libinit2.o)
    0x08000276   0x08000276   0x00000000   Code   RO         1341    .ARM.Collect$$libinit$$0000000C  c_w.l(libinit2.o)
    0x08000276   0x08000276   0x00000000   Code   RO         1343    .ARM.Collect$$libinit$$0000000E  c_w.l(libinit2.o)
    0x08000276   0x08000276   0x00000006   Code   RO         1344    .ARM.Collect$$libinit$$0000000F  c_w.l(libinit2.o)
    0x0800027c   0x0800027c   0x00000000   Code   RO         1346    .ARM.Collect$$libinit$$00000011  c_w.l(libinit2.o)
    0x0800027c   0x0800027c   0x0000000c   Code   RO         1347    .ARM.Collect$$libinit$$00000012  c_w.l(libinit2.o)
    0x08000288   0x08000288   0x00000000   Code   RO         1348    .ARM.Collect$$libinit$$00000013  c_w.l(libinit2.o)
    0x08000288   0x08000288   0x00000000   Code   RO         1350    .ARM.Collect$$libinit$$00000015  c_w.l(libinit2.o)
    0x08000288   0x08000288   0x0000000a   Code   RO         1351    .ARM.Collect$$libinit$$00000016  c_w.l(libinit2.o)
    0x08000292   0x08000292   0x00000000   Code   RO         1352    .ARM.Collect$$libinit$$00000017  c_w.l(libinit2.o)
    0x08000292   0x08000292   0x00000000   Code   RO         1354    .ARM.Collect$$libinit$$00000019  c_w.l(libinit2.o)
    0x08000292   0x08000292   0x00000000   Code   RO         1356    .ARM.Collect$$libinit$$0000001B  c_w.l(libinit2.o)
    0x08000292   0x08000292   0x00000000   Code   RO         1358    .ARM.Collect$$libinit$$0000001D  c_w.l(libinit2.o)
    0x08000292   0x08000292   0x00000000   Code   RO         1360    .ARM.Collect$$libinit$$0000001F  c_w.l(libinit2.o)
    0x08000292   0x08000292   0x00000000   Code   RO         1362    .ARM.Collect$$libinit$$00000021  c_w.l(libinit2.o)
    0x08000292   0x08000292   0x00000000   Code   RO         1364    .ARM.Collect$$libinit$$00000023  c_w.l(libinit2.o)
    0x08000292   0x08000292   0x00000000   Code   RO         1366    .ARM.Collect$$libinit$$00000025  c_w.l(libinit2.o)
    0x08000292   0x08000292   0x00000000   Code   RO         1370    .ARM.Collect$$libinit$$0000002C  c_w.l(libinit2.o)
    0x08000292   0x08000292   0x00000000   Code   RO         1372    .ARM.Collect$$libinit$$0000002E  c_w.l(libinit2.o)
    0x08000292   0x08000292   0x00000000   Code   RO         1374    .ARM.Collect$$libinit$$00000030  c_w.l(libinit2.o)
    0x08000292   0x08000292   0x00000000   Code   RO         1376    .ARM.Collect$$libinit$$00000032  c_w.l(libinit2.o)
    0x08000292   0x08000292   0x00000002   Code   RO         1377    .ARM.Collect$$libinit$$00000033  c_w.l(libinit2.o)
    0x08000294   0x08000294   0x00000002   Code   RO         1405    .ARM.Collect$$libshutdown$$00000000  c_w.l(libshutdown.o)
    0x08000296   0x08000296   0x00000000   Code   RO         1419    .ARM.Collect$$libshutdown$$00000002  c_w.l(libshutdown2.o)
    0x08000296   0x08000296   0x00000000   Code   RO         1421    .ARM.Collect$$libshutdown$$00000004  c_w.l(libshutdown2.o)
    0x08000296   0x08000296   0x00000000   Code   RO         1423    .ARM.Collect$$libshutdown$$00000006  c_w.l(libshutdown2.o)
    0x08000296   0x08000296   0x00000000   Code   RO         1426    .ARM.Collect$$libshutdown$$00000009  c_w.l(libshutdown2.o)
    0x08000296   0x08000296   0x00000000   Code   RO         1429    .ARM.Collect$$libshutdown$$0000000C  c_w.l(libshutdown2.o)
    0x08000296   0x08000296   0x00000000   Code   RO         1431    .ARM.Collect$$libshutdown$$0000000E  c_w.l(libshutdown2.o)
    0x08000296   0x08000296   0x00000000   Code   RO         1434    .ARM.Collect$$libshutdown$$00000011  c_w.l(libshutdown2.o)
    0x08000296   0x08000296   0x00000002   Code   RO         1435    .ARM.Collect$$libshutdown$$00000012  c_w.l(libshutdown2.o)
    0x08000298   0x08000298   0x00000000   Code   RO         1163    .ARM.Collect$$rtentry$$00000000  c_w.l(__rtentry.o)
    0x08000298   0x08000298   0x00000000   Code   RO         1231    .ARM.Collect$$rtentry$$00000002  c_w.l(__rtentry2.o)
    0x08000298   0x08000298   0x00000006   Code   RO         1243    .ARM.Collect$$rtentry$$00000004  c_w.l(__rtentry4.o)
    0x0800029e   0x0800029e   0x00000000   Code   RO         1233    .ARM.Collect$$rtentry$$00000009  c_w.l(__rtentry2.o)
    0x0800029e   0x0800029e   0x00000004   Code   RO         1234    .ARM.Collect$$rtentry$$0000000A  c_w.l(__rtentry2.o)
    0x080002a2   0x080002a2   0x00000000   Code   RO         1236    .ARM.Collect$$rtentry$$0000000C  c_w.l(__rtentry2.o)
    0x080002a2   0x080002a2   0x00000008   Code   RO         1237    .ARM.Collect$$rtentry$$0000000D  c_w.l(__rtentry2.o)
    0x080002aa   0x080002aa   0x00000002   Code   RO         1324    .ARM.Collect$$rtexit$$00000000  c_w.l(rtexit.o)
    0x080002ac   0x080002ac   0x00000000   Code   RO         1379    .ARM.Collect$$rtexit$$00000002  c_w.l(rtexit2.o)
    0x080002ac   0x080002ac   0x00000004   Code   RO         1380    .ARM.Collect$$rtexit$$00000003  c_w.l(rtexit2.o)
    0x080002b0   0x080002b0   0x00000006   Code   RO         1381    .ARM.Collect$$rtexit$$00000004  c_w.l(rtexit2.o)
    0x080002b6   0x080002b6   0x00000002   PAD
    0x080002b8   0x080002b8   0x0000037c   Code   RO            1    .text               main.o
    0x08000634   0x08000634   0x0000001a   Code   RO          205    .text               stm32f10x_it.o
    0x0800064e   0x0800064e   0x00000002   PAD
    0x08000650   0x08000650   0x000001e0   Code   RO          246    .text               system_stm32f10x.o
    0x08000830   0x08000830   0x0000004c   Code   RO          264    .text               led.o
    0x0800087c   0x0800087c   0x000000fc   Code   RO          276    .text               key.o
    0x08000978   0x08000978   0x00000238   Code   RO          289    .text               tpad.o
    0x08000bb0   0x08000bb0   0x00004a5c   Code   RO          307    .text               lcd.o
    0x0800560c   0x0800560c   0x00000204   Code   RO          337    .text               spi.o
    0x08005810   0x08005810   0x00000368   Code   RO          352    .text               w25qxx.o
    0x08005b78   0x08005b78   0x00001c2c   Code   RO          371    .text               sdio_sdcard.o
    0x080077a4   0x080077a4   0x00000754   Code   RO          397    .text               vs10xx.o
    0x08007ef8   0x08007ef8   0x00000284   Code   RO          416    .text               ctiic.o
    0x0800817c   0x0800817c   0x00000338   Code   RO          431    .text               ft5206.o
    0x080084b4   0x080084b4   0x00000458   Code   RO          447    .text               gt9147.o
    0x0800890c   0x0800890c   0x0000036c   Code   RO          463    .text               ott2001a.o
    0x08008c78   0x08008c78   0x00000fb4   Code   RO          479    .text               touch.o
    0x08009c2c   0x08009c2c   0x00000180   Code   RO          509    .text               usart3.o
    0x08009dac   0x08009dac   0x0000017a   Code   RO          538    .text               24cxx.o
    0x08009f26   0x08009f26   0x00000002   PAD
    0x08009f28   0x08009f28   0x0000008c   Code   RO          550    .text               timer.o
    0x08009fb4   0x08009fb4   0x0000026c   Code   RO          563    .text               myiic.o
    0x0800a220   0x0800a220   0x000000d4   Code   RO          575    .text               delay.o
    0x0800a2f4   0x0800a2f4   0x0000000c   Code   RO          590    .text               sys.o
    0x0800a300   0x0800a300   0x00000140   Code   RO          606    .text               usart.o
    0x0800a440   0x0800a440   0x00000040   Code   RO          642    .text               startup_stm32f10x_hd.o
    0x0800a480   0x0800a480   0x000000dc   Code   RO          646    .text               misc.o
    0x0800a55c   0x0800a55c   0x0000060c   Code   RO          658    .text               stm32f10x_fsmc.o
    0x0800ab68   0x0800ab68   0x0000035c   Code   RO          670    .text               stm32f10x_gpio.o
    0x0800aec4   0x0800aec4   0x000003a4   Code   RO          682    .text               stm32f10x_rcc.o
    0x0800b268   0x0800b268   0x0000030c   Code   RO          696    .text               stm32f10x_spi.o
    0x0800b574   0x0800b574   0x00000408   Code   RO          708    .text               stm32f10x_usart.o
    0x0800b97c   0x0800b97c   0x00000e1a   Code   RO          720    .text               stm32f10x_tim.o
    0x0800c796   0x0800c796   0x00000002   PAD
    0x0800c798   0x0800c798   0x00000254   Code   RO          732    .text               stm32f10x_dma.o
    0x0800c9ec   0x0800c9ec   0x000001d4   Code   RO          744    .text               stm32f10x_sdio.o
    0x0800cbc0   0x0800cbc0   0x0000022c   Code   RO          756    .text               malloc.o
    0x0800cdec   0x0800cdec   0x00000200   Code   RO          778    .text               diskio.o
    0x0800cfec   0x0800cfec   0x000032e4   Code   RO          796    .text               ff.o
    0x080102d0   0x080102d0   0x000001a8   Code   RO          814    .text               exfuns.o
    0x08010478   0x08010478   0x000006c8   Code   RO          835    .text               fattester.o
    0x08010b40   0x08010b40   0x000000cc   Code   RO          851    .text               mycc936.o
    0x08010c0c   0x08010c0c   0x00000c38   Code   RO          864    .text               usmart.o
    0x08011844   0x08011844   0x00000528   Code   RO          893    .text               usmart_str.o
    0x08011d6c   0x08011d6c   0x000005d0   Code   RO          905    .text               fontupd.o
    0x0801233c   0x0801233c   0x0000034c   Code   RO          929    .text               text.o
    0x08012688   0x08012688   0x00000744   Code   RO          941    .text               recorder.o
    0x08012dcc   0x08012dcc   0x000008a4   Code   RO          956    .text               apsta.o
    0x08013670   0x08013670   0x00001cf8   Code   RO          968    .text               common.o
    0x08015368   0x08015368   0x00000ce4   Code   RO          987    .text               wifiap.o
    0x0801604c   0x0801604c   0x0000160c   Code   RO          999    .text               wifista.o
    0x08017658   0x08017658   0x00000002   Code   RO         1016    .text               c_w.l(use_no_semi_2.o)
    0x0801765a   0x0801765a   0x00000048   Code   RO         1018    .text               c_w.l(llsdiv.o)
    0x080176a2   0x080176a2   0x00000002   PAD
    0x080176a4   0x080176a4   0x00000024   Code   RO         1020    .text               c_w.l(c89vsprintf.o)
    0x080176c8   0x080176c8   0x00000018   Code   RO         1022    .text               c_w.l(__2printf.o)
    0x080176e0   0x080176e0   0x0000002c   Code   RO         1024    .text               c_w.l(__2sprintf.o)
    0x0801770c   0x0801770c   0x0000004e   Code   RO         1032    .text               c_w.l(_printf_pad.o)
    0x0801775a   0x0801775a   0x00000052   Code   RO         1034    .text               c_w.l(_printf_str.o)
    0x080177ac   0x080177ac   0x00000078   Code   RO         1036    .text               c_w.l(_printf_dec.o)
    0x08017824   0x08017824   0x00000094   Code   RO         1056    .text               c_w.l(_printf_hex_int_ll_ptr.o)
    0x080178b8   0x080178b8   0x00000188   Code   RO         1076    .text               c_w.l(__printf_flags_ss_wp.o)
    0x08017a40   0x08017a40   0x00000024   Code   RO         1085    .text               c_w.l(strstr.o)
    0x08017a64   0x08017a64   0x00000048   Code   RO         1087    .text               c_w.l(strcpy.o)
    0x08017aac   0x08017aac   0x0000003e   Code   RO         1089    .text               c_w.l(strlen.o)
    0x08017aea   0x08017aea   0x00000018   Code   RO         1091    .text               c_w.l(strcat.o)
    0x08017b02   0x08017b02   0x0000008a   Code   RO         1093    .text               c_w.l(rt_memcpy_v6.o)
    0x08017b8c   0x08017b8c   0x00000080   Code   RO         1095    .text               c_w.l(strcmpv7m.o)
    0x08017c0c   0x08017c0c   0x00000006   Code   RO         1097    .text               c_w.l(heapauxi.o)
    0x08017c12   0x08017c12   0x00000002   Code   RO         1161    .text               c_w.l(use_no_semi.o)
    0x08017c14   0x08017c14   0x000000ee   Code   RO         1164    .text               c_w.l(lludivv7m.o)
    0x08017d02   0x08017d02   0x00000016   Code   RO         1166    .text               c_w.l(_rserrno.o)
    0x08017d18   0x08017d18   0x00000024   Code   RO         1168    .text               c_w.l(_printf_truncate.o)
    0x08017d3c   0x08017d3c   0x000000b2   Code   RO         1170    .text               c_w.l(_printf_intcommon.o)
    0x08017dee   0x08017dee   0x00000028   Code   RO         1172    .text               c_w.l(_printf_charcount.o)
    0x08017e16   0x08017e16   0x00000002   PAD
    0x08017e18   0x08017e18   0x00000030   Code   RO         1174    .text               c_w.l(_printf_char_common.o)
    0x08017e48   0x08017e48   0x0000000a   Code   RO         1176    .text               c_w.l(_sputc.o)
    0x08017e52   0x08017e52   0x0000002c   Code   RO         1178    .text               c_w.l(_printf_char.o)
    0x08017e7e   0x08017e7e   0x00000002   PAD
    0x08017e80   0x08017e80   0x00000024   Code   RO         1180    .text               c_w.l(_printf_char_file.o)
    0x08017ea4   0x08017ea4   0x000000bc   Code   RO         1182    .text               c_w.l(_printf_wctomb.o)
    0x08017f60   0x08017f60   0x0000007c   Code   RO         1185    .text               c_w.l(_printf_longlong_dec.o)
    0x08017fdc   0x08017fdc   0x00000070   Code   RO         1191    .text               c_w.l(_printf_oct_int_ll.o)
    0x0801804c   0x0801804c   0x00000064   Code   RO         1211    .text               c_w.l(rt_memcpy_w.o)
    0x080180b0   0x080180b0   0x00000008   Code   RO         1252    .text               c_w.l(rt_errno_addr_intlibspace.o)
    0x080180b8   0x080180b8   0x0000008a   Code   RO         1254    .text               c_w.l(lludiv10.o)
    0x08018142   0x08018142   0x0000041e   Code   RO         1256    .text               c_w.l(_printf_fp_dec.o)
    0x08018560   0x08018560   0x0000002c   Code   RO         1260    .text               c_w.l(_printf_wchar.o)
    0x0801858c   0x0801858c   0x00000008   Code   RO         1262    .text               c_w.l(ferror.o)
    0x08018594   0x08018594   0x00000040   Code   RO         1266    .text               c_w.l(_wcrtomb.o)
    0x080185d4   0x080185d4   0x00000008   Code   RO         1268    .text               c_w.l(libspace.o)
    0x080185dc   0x080185dc   0x0000004a   Code   RO         1271    .text               c_w.l(sys_stackheap_outer.o)
    0x08018626   0x08018626   0x00000002   PAD
    0x08018628   0x08018628   0x00000010   Code   RO         1273    .text               c_w.l(rt_ctype_table.o)
    0x08018638   0x08018638   0x00000008   Code   RO         1280    .text               c_w.l(rt_locale_intlibspace.o)
    0x08018640   0x08018640   0x00000080   Code   RO         1282    .text               c_w.l(_printf_fp_infnan.o)
    0x080186c0   0x080186c0   0x000000e4   Code   RO         1284    .text               c_w.l(bigflt0.o)
    0x080187a4   0x080187a4   0x00000012   Code   RO         1312    .text               c_w.l(exit.o)
    0x080187b6   0x080187b6   0x0000003e   Code   RO         1287    CL$$btod_d2e        c_w.l(btod.o)
    0x080187f4   0x080187f4   0x00000046   Code   RO         1289    CL$$btod_d2e_denorm_low  c_w.l(btod.o)
    0x0801883a   0x0801883a   0x00000060   Code   RO         1288    CL$$btod_d2e_norm_op1  c_w.l(btod.o)
    0x0801889a   0x0801889a   0x00000338   Code   RO         1297    CL$$btod_div_common  c_w.l(btod.o)
    0x08018bd2   0x08018bd2   0x000000dc   Code   RO         1294    CL$$btod_e2e        c_w.l(btod.o)
    0x08018cae   0x08018cae   0x0000002a   Code   RO         1291    CL$$btod_ediv       c_w.l(btod.o)
    0x08018cd8   0x08018cd8   0x0000002a   Code   RO         1290    CL$$btod_emul       c_w.l(btod.o)
    0x08018d02   0x08018d02   0x00000244   Code   RO         1296    CL$$btod_mult_common  c_w.l(btod.o)
    0x08018f46   0x08018f46   0x00000028   Code   RO         1322    i.__ARM_fpclassify  m_ws.l(fpclassify.o)
    0x08018f6e   0x08018f6e   0x0000000e   Code   RO         1069    i._is_digit         c_w.l(__printf_wp.o)
    0x08018f7c   0x08018f7c   0x0000004c   Code   RO         1154    i.sqrt              m_ws.l(sqrt.o)
    0x08018fc8   0x08018fc8   0x0000002c   Code   RO         1310    locale$$code        c_w.l(lc_numeric_c.o)
    0x08018ff4   0x08018ff4   0x0000002c   Code   RO         1327    locale$$code        c_w.l(lc_ctype_c.o)
    0x08019020   0x08019020   0x00000150   Code   RO         1101    x$fpl$dadd          fz_ws.l(daddsub_clz.o)
    0x08019170   0x08019170   0x00000018   Code   RO         1213    x$fpl$dcmpinf       fz_ws.l(dcmpi.o)
    0x08019188   0x08019188   0x0000005a   Code   RO         1107    x$fpl$dfixu         fz_ws.l(dfixu.o)
    0x080191e2   0x080191e2   0x0000002e   Code   RO         1112    x$fpl$dflt          fz_ws.l(dflt_clz.o)
    0x08019210   0x08019210   0x00000026   Code   RO         1111    x$fpl$dfltu         fz_ws.l(dflt_clz.o)
    0x08019236   0x08019236   0x00000002   PAD
    0x08019238   0x08019238   0x00000078   Code   RO         1117    x$fpl$dleqf         fz_ws.l(dleqf.o)
    0x080192b0   0x080192b0   0x00000154   Code   RO         1119    x$fpl$dmul          fz_ws.l(dmul.o)
    0x08019404   0x08019404   0x0000009c   Code   RO         1215    x$fpl$dnaninf       fz_ws.l(dnaninf.o)
    0x080194a0   0x080194a0   0x0000000c   Code   RO         1217    x$fpl$dretinf       fz_ws.l(dretinf.o)
    0x080194ac   0x080194ac   0x0000006c   Code   RO         1121    x$fpl$drleqf        fz_ws.l(drleqf.o)
    0x08019518   0x08019518   0x00000016   Code   RO         1102    x$fpl$drsb          fz_ws.l(daddsub_clz.o)
    0x0801952e   0x0801952e   0x00000002   PAD
    0x08019530   0x08019530   0x000001cc   Code   RO         1219    x$fpl$dsqrt         fz_ws.l(dsqrt_noumaal.o)
    0x080196fc   0x080196fc   0x000001d4   Code   RO         1103    x$fpl$dsub          fz_ws.l(daddsub_clz.o)
    0x080198d0   0x080198d0   0x00000056   Code   RO         1123    x$fpl$f2d           fz_ws.l(f2d.o)
    0x08019926   0x08019926   0x00000002   PAD
    0x08019928   0x08019928   0x000000c4   Code   RO         1125    x$fpl$fadd          fz_ws.l(faddsub_clz.o)
    0x080199ec   0x080199ec   0x00000018   Code   RO         1221    x$fpl$fcmpinf       fz_ws.l(fcmpi.o)
    0x08019a04   0x08019a04   0x00000184   Code   RO         1132    x$fpl$fdiv          fz_ws.l(fdiv.o)
    0x08019b88   0x08019b88   0x00000068   Code   RO         1135    x$fpl$feqf          fz_ws.l(feqf.o)
    0x08019bf0   0x08019bf0   0x00000036   Code   RO         1137    x$fpl$ffix          fz_ws.l(ffix.o)
    0x08019c26   0x08019c26   0x00000002   PAD
    0x08019c28   0x08019c28   0x0000003e   Code   RO         1141    x$fpl$ffixu         fz_ws.l(ffixu.o)
    0x08019c66   0x08019c66   0x00000002   PAD
    0x08019c68   0x08019c68   0x00000030   Code   RO         1146    x$fpl$fflt          fz_ws.l(fflt_clz.o)
    0x08019c98   0x08019c98   0x00000026   Code   RO         1145    x$fpl$ffltu         fz_ws.l(fflt_clz.o)
    0x08019cbe   0x08019cbe   0x00000002   PAD
    0x08019cc0   0x08019cc0   0x00000102   Code   RO         1151    x$fpl$fmul          fz_ws.l(fmul.o)
    0x08019dc2   0x08019dc2   0x0000008c   Code   RO         1223    x$fpl$fnaninf       fz_ws.l(fnaninf.o)
    0x08019e4e   0x08019e4e   0x0000000a   Code   RO         1225    x$fpl$fretinf       fz_ws.l(fretinf.o)
    0x08019e58   0x08019e58   0x000000ea   Code   RO         1127    x$fpl$fsub          fz_ws.l(faddsub_clz.o)
    0x08019f42   0x08019f42   0x00000004   Code   RO         1227    x$fpl$printf1       fz_ws.l(printf1.o)
    0x08019f46   0x08019f46   0x00000000   Code   RO         1229    x$fpl$usenofp       fz_ws.l(usenofp.o)
    0x08019f46   0x08019f46   0x000017c0   Data   RO          309    .constdata          lcd.o
    0x0801b706   0x0801b706   0x00000040   Data   RO          398    .constdata          vs10xx.o
    0x0801b746   0x0801b746   0x0000000a   Data   RO          432    .constdata          ft5206.o
    0x0801b750   0x0801b750   0x000000c2   Data   RO          448    .constdata          gt9147.o
    0x0801b812   0x0801b812   0x0000000a   Data   RO          464    .constdata          ott2001a.o
    0x0801b81c   0x0801b81c   0x00000004   Data   RO          480    .constdata          touch.o
    0x0801b820   0x0801b820   0x00000018   Data   RO          760    .constdata          malloc.o
    0x0801b838   0x0801b838   0x0000003a   Data   RO          797    .constdata          ff.o
    0x0801b872   0x0801b872   0x00000002   PAD
    0x0801b874   0x0801b874   0x00000138   Data   RO          816    .constdata          exfuns.o
    0x0801b9ac   0x0801b9ac   0x000003c0   Data   RO          852    .constdata          mycc936.o
    0x0801bd6c   0x0801bd6c   0x00000010   Data   RO          907    .constdata          fontupd.o
    0x0801bd7c   0x0801bd7c   0x00000050   Data   RO          942    .constdata          recorder.o
    0x0801bdcc   0x0801bdcc   0x00000028   Data   RO         1057    .constdata          c_w.l(_printf_hex_int_ll_ptr.o)
    0x0801bdf4   0x0801bdf4   0x00000011   Data   RO         1077    .constdata          c_w.l(__printf_flags_ss_wp.o)
    0x0801be05   0x0801be05   0x00000003   PAD
    0x0801be08   0x0801be08   0x00000008   Data   RO         1183    .constdata          c_w.l(_printf_wctomb.o)
    0x0801be10   0x0801be10   0x00000094   Data   RO         1285    .constdata          c_w.l(bigflt0.o)
    0x0801bea4   0x0801bea4   0x00000079   Data   RO          481    .conststring        touch.o
    0x0801bf1d   0x0801bf1d   0x00000003   PAD
    0x0801bf20   0x0801bf20   0x00000060   Data   RO          817    .conststring        exfuns.o
    0x0801bf80   0x0801bf80   0x00000028   Data   RO          865    .conststring        usmart.o
    0x0801bfa8   0x0801bfa8   0x0000040f   Data   RO          880    .conststring        usmart_config.o
    0x0801c3b7   0x0801c3b7   0x00000001   PAD
    0x0801c3b8   0x0801c3b8   0x0000005f   Data   RO          908    .conststring        fontupd.o
    0x0801c417   0x0801c417   0x00000001   PAD
    0x0801c418   0x0801c418   0x000000e6   Data   RO          969    .conststring        common.o
    0x0801c4fe   0x0801c4fe   0x00000002   PAD
    0x0801c500   0x0801c500   0x00000020   Data   RO         1453    Region$$Table       anon$$obj.o
    0x0801c520   0x0801c520   0x0000001c   Data   RO         1309    locale$$data        c_w.l(lc_numeric_c.o)
    0x0801c53c   0x0801c53c   0x00000110   Data   RO         1326    locale$$data        c_w.l(lc_ctype_c.o)


    Execution Region RW_IRAM1 (Exec base: 0x20000000, Load base: 0x0801c64c, Size: 0x0000cca8, Max: 0x00010000, ABSOLUTE, COMPRESSED[0x000001b4])

    Exec Addr    Load Addr    Size         Type   Attr      Idx    E Section Name        Object

    0x20000000   COMPRESSED   0x00000014   Data   RW          247    .data               system_stm32f10x.o
    0x20000014   COMPRESSED   0x00000001   Data   RW          277    .data               key.o
    0x20000015   COMPRESSED   0x00000001   PAD
    0x20000016   COMPRESSED   0x00000003   Data   RW          290    .data               tpad.o
    0x20000019   COMPRESSED   0x00000001   PAD
    0x2000001a   COMPRESSED   0x00000004   Data   RW          310    .data               lcd.o
    0x2000001e   COMPRESSED   0x00000002   Data   RW          354    .data               w25qxx.o
    0x20000020   COMPRESSED   0x00000010   Data   RW          373    .data               sdio_sdcard.o
    0x20000030   COMPRESSED   0x00000008   Data   RW          399    .data               vs10xx.o
    0x20000038   COMPRESSED   0x00000001   Data   RW          433    .data               ft5206.o
    0x20000039   COMPRESSED   0x00000001   Data   RW          449    .data               gt9147.o
    0x2000003a   COMPRESSED   0x00000001   Data   RW          465    .data               ott2001a.o
    0x2000003b   COMPRESSED   0x00000001   PAD
    0x2000003c   COMPRESSED   0x00000036   Data   RW          482    .data               touch.o
    0x20000072   COMPRESSED   0x00000002   Data   RW          511    .data               usart3.o
    0x20000074   COMPRESSED   0x00000004   Data   RW          576    .data               delay.o
    0x20000078   COMPRESSED   0x00000006   Data   RW          608    .data               usart.o
    0x2000007e   COMPRESSED   0x00000014   Data   RW          683    .data               stm32f10x_rcc.o
    0x20000092   COMPRESSED   0x00000002   PAD
    0x20000094   COMPRESSED   0x0000001c   Data   RW          761    .data               malloc.o
    0x200000b0   COMPRESSED   0x00000002   Data   RW          779    .data               diskio.o
    0x200000b2   COMPRESSED   0x00000002   PAD
    0x200000b4   COMPRESSED   0x0000000a   Data   RW          798    .data               ff.o
    0x200000be   COMPRESSED   0x00000002   PAD
    0x200000c0   COMPRESSED   0x0000001c   Data   RW          818    .data               exfuns.o
    0x200000dc   COMPRESSED   0x0000001c   Data   RW          866    .data               usmart.o
    0x200000f8   COMPRESSED   0x000001fc   Data   RW          881    .data               usmart_config.o
    0x200002f4   COMPRESSED   0x00000095   Data   RW          970    .data               common.o
    0x20000389   COMPRESSED   0x00000001   Data   RW         1000    .data               wifista.o
    0x2000038a   COMPRESSED   0x00000002   PAD
    0x2000038c        -       0x0000000e   Zero   RW          308    .bss                lcd.o
    0x2000039a        -       0x00001000   Zero   RW          353    .bss                w25qxx.o
    0x2000139a   COMPRESSED   0x00000006   PAD
    0x200013a0        -       0x000002c0   Zero   RW          372    .bss                sdio_sdcard.o
    0x20001660        -       0x000004b0   Zero   RW          510    .bss                usart3.o
    0x20001b10        -       0x000000c8   Zero   RW          607    .bss                usart.o
    0x20001bd8   COMPRESSED   0x00000008   PAD
    0x20001be0        -       0x0000aa00   Zero   RW          759    .bss                malloc.o
    0x2000c5e0        -       0x00000044   Zero   RW          815    .bss                exfuns.o
    0x2000c624        -       0x00000021   Zero   RW          906    .bss                fontupd.o
    0x2000c645   COMPRESSED   0x00000003   PAD
    0x2000c648        -       0x00000060   Zero   RW         1269    .bss                c_w.l(libspace.o)
    0x2000c6a8        -       0x00000200   Zero   RW          640    HEAP                startup_stm32f10x_hd.o
    0x2000c8a8        -       0x00000400   Zero   RW          639    STACK               startup_stm32f10x_hd.o



  Load Region LR$$.ARM.__AT_0x68000000 (Base: 0x68000000, Size: 0x00000000, Max: 0x000f0000, ABSOLUTE)

    Execution Region ER$$.ARM.__AT_0x68000000 (Exec base: 0x68000000, Load base: 0x68000000, Size: 0x000f0000, Max: 0x000f0000, ABSOLUTE, UNINIT)

    Exec Addr    Load Addr    Size         Type   Attr      Idx    E Section Name        Object

    0x68000000        -       0x000f0000   Zero   RW          757    .ARM.__AT_0x68000000  malloc.o



  Load Region LR$$.ARM.__AT_0x680F0000 (Base: 0x680f0000, Size: 0x00000000, Max: 0x0000f000, ABSOLUTE)

    Execution Region ER$$.ARM.__AT_0x680F0000 (Exec base: 0x680f0000, Load base: 0x680f0000, Size: 0x0000f000, Max: 0x0000f000, ABSOLUTE, UNINIT)

    Exec Addr    Load Addr    Size         Type   Attr      Idx    E Section Name        Object

    0x680f0000        -       0x0000f000   Zero   RW          758    .ARM.__AT_0x680F0000  malloc.o


==============================================================================

Image component sizes


      Code (inc. data)   RO Data    RW Data    ZI Data      Debug   Object Name

       378          0          0          0          0       3006   24cxx.o
      2212        748          0          0          0       1762   apsta.o
      7416       1574        230        149          0      11158   common.o
       644         24          0          0          0       2153   ctiic.o
       212         18          0          4          0       1243   delay.o
       512          8          0          2          0       4726   diskio.o
       424         22        408         28         68       3056   exfuns.o
      1736        690          0          0          0       6096   fattester.o
     13028        144         58         10          0      38014   ff.o
      1488        158        111          0         33       4632   fontupd.o
       824         38         10          1          0       2855   ft5206.o
      1112         74        194          1          0       3378   gt9147.o
       252         12          0          1          0        944   key.o
     19036        162       6080          4         14      22766   lcd.o
        76          8          0          0          0        599   led.o
       892        312          0          0          0     293664   main.o
       556         18         24         28    1088000       5088   malloc.o
       220         22          0          0          0       2001   misc.o
       204         12        960          0          0       1817   mycc936.o
       620         14          0          0          0       1984   myiic.o
       876         56         10          1          0       3007   ott2001a.o
      1860        178         80          0          0       4541   recorder.o
      7212        256          0         16        704      25124   sdio_sdcard.o
       516         18          0          0          0       1992   spi.o
        64         26        304          0       1536        864   startup_stm32f10x_hd.o
       596          8          0          0          0       4566   stm32f10x_dma.o
      1548         18          0          0          0       5579   stm32f10x_fsmc.o
       860         38          0          0          0       5933   stm32f10x_gpio.o
        26          0          0          0          0       1282   stm32f10x_it.o
       932         36          0         20          0       9212   stm32f10x_rcc.o
       468         22          0          0          0       7320   stm32f10x_sdio.o
       780         14          0          0          0       6814   stm32f10x_spi.o
      3610         88          0          0          0      23040   stm32f10x_tim.o
      1032         22          0          0          0       8660   stm32f10x_usart.o
        12          0          0          0          0        719   sys.o
       480         38          0         20          0       2043   system_stm32f10x.o
       844         18          0          0          0       3754   text.o
       140          8          0          0          0        896   timer.o
      4020        222        125         54          0       7261   touch.o
       568         40          0          3          0       2647   tpad.o
       320         16          0          6        200       3486   usart.o
       384         26          0          2       1200       2886   usart3.o
      3128       1288         40         28          0       4674   usmart.o
         0          0       1039        508          0       2000   usmart_config.o
      1320         12          0          0          0       5429   usmart_str.o
      1876         50         64          8          0       8822   vs10xx.o
       872         30          0          2       4096       4777   w25qxx.o
      3300        640          0          0          0       2628   wifiap.o
      5644        944          0          1          0       4735   wifista.o

    ----------------------------------------------------------------------
     95136       8170       9778        908    1095868     575633   Object Totals
         0          0         32          0          0          0   (incl. Generated)
         6          0          9         11         17          0   (incl. Padding)

    ----------------------------------------------------------------------

      Code (inc. data)   RO Data    RW Data    ZI Data      Debug   Library Member Name

        24          4          0          0          0         84   __2printf.o
        44          6          0          0          0         84   __2sprintf.o
        90          0          0          0          0          0   __dczerorl2.o
         8          0          0          0          0         68   __main.o
       392          4         17          0          0         92   __printf_flags_ss_wp.o
        14          0          0          0          0         68   __printf_wp.o
         0          0          0          0          0          0   __rtentry.o
        12          0          0          0          0          0   __rtentry2.o
         6          0          0          0          0          0   __rtentry4.o
        52          8          0          0          0          0   __scatter.o
        28          0          0          0          0          0   __scatter_zi.o
         6          0          0          0          0          0   _printf_a.o
         6          0          0          0          0          0   _printf_c.o
        44          0          0          0          0        108   _printf_char.o
        48          6          0          0          0         96   _printf_char_common.o
        36          4          0          0          0         80   _printf_char_file.o
        40          0          0          0          0         68   _printf_charcount.o
         6          0          0          0          0          0   _printf_d.o
       120         16          0          0          0         92   _printf_dec.o
         6          0          0          0          0          0   _printf_e.o
         6          0          0          0          0          0   _printf_f.o
      1054          0          0          0          0        216   _printf_fp_dec.o
       128         16          0          0          0         84   _printf_fp_infnan.o
         6          0          0          0          0          0   _printf_g.o
       148          4         40          0          0        160   _printf_hex_int_ll_ptr.o
         6          0          0          0          0          0   _printf_i.o
       178          0          0          0          0         88   _printf_intcommon.o
        10          0          0          0          0          0   _printf_l.o
         6          0          0          0          0          0   _printf_lc.o
        10          0          0          0          0          0   _printf_ll.o
         6          0          0          0          0          0   _printf_lld.o
         6          0          0          0          0          0   _printf_lli.o
         6          0          0          0          0          0   _printf_llo.o
         6          0          0          0          0          0   _printf_llu.o
         6          0          0          0          0          0   _printf_llx.o
       124         16          0          0          0         92   _printf_longlong_dec.o
         6          0          0          0          0          0   _printf_ls.o
         6          0          0          0          0          0   _printf_n.o
         6          0          0          0          0          0   _printf_o.o
       112         10          0          0          0        124   _printf_oct_int_ll.o
         6          0          0          0          0          0   _printf_p.o
        78          0          0          0          0        108   _printf_pad.o
         0          0          0          0          0          0   _printf_percent.o
         4          0          0          0          0          0   _printf_percent_end.o
         6          0          0          0          0          0   _printf_s.o
        82          0          0          0          0         80   _printf_str.o
        36          0          0          0          0         84   _printf_truncate.o
         6          0          0          0          0          0   _printf_u.o
        44          0          0          0          0        108   _printf_wchar.o
       188          6          8          0          0         92   _printf_wctomb.o
         6          0          0          0          0          0   _printf_x.o
        22          0          0          0          0        100   _rserrno.o
        10          0          0          0          0         68   _sputc.o
        64          0          0          0          0         92   _wcrtomb.o
       228          4        148          0          0         96   bigflt0.o
      1936        128          0          0          0        672   btod.o
        36          4          0          0          0         76   c89vsprintf.o
        18          0          0          0          0         80   exit.o
         8          0          0          0          0         68   ferror.o
         6          0          0          0          0        152   heapauxi.o
        44         10        272          0          0         76   lc_ctype_c.o
        44         10         28          0          0         76   lc_numeric_c.o
         2          0          0          0          0          0   libinit.o
        30          0          0          0          0          0   libinit2.o
         2          0          0          0          0          0   libshutdown.o
         2          0          0          0          0          0   libshutdown2.o
         8          4          0          0         96         68   libspace.o
        72          0          0          0          0         76   llsdiv.o
       138          0          0          0          0         80   lludiv10.o
       238          0          0          0          0        100   lludivv7m.o
        16          4          0          0          0         76   rt_ctype_table.o
         8          4          0          0          0         68   rt_errno_addr_intlibspace.o
         8          4          0          0          0         68   rt_locale_intlibspace.o
       138          0          0          0          0         68   rt_memcpy_v6.o
       100          0          0          0          0         80   rt_memcpy_w.o
         2          0          0          0          0          0   rtexit.o
        10          0          0          0          0          0   rtexit2.o
        24          0          0          0          0         68   strcat.o
       128          0          0          0          0         68   strcmpv7m.o
        72          0          0          0          0         80   strcpy.o
        62          0          0          0          0         76   strlen.o
        36          0          0          0          0         80   strstr.o
        74          0          0          0          0         80   sys_stackheap_outer.o
         2          0          0          0          0         68   use_no_semi.o
         2          0          0          0          0         68   use_no_semi_2.o
       826         16          0          0          0        348   daddsub_clz.o
        24          0          0          0          0         68   dcmpi.o
        90          4          0          0          0         92   dfixu.o
        84          0          0          0          0        136   dflt_clz.o
       120          4          0          0          0         92   dleqf.o
       340         12          0          0          0        104   dmul.o
       156          4          0          0          0         92   dnaninf.o
        12          0          0          0          0         68   dretinf.o
       108          0          0          0          0         80   drleqf.o
       460         56          0          0          0        120   dsqrt_noumaal.o
        86          4          0          0          0         84   f2d.o
       430          8          0          0          0        168   faddsub_clz.o
        24          0          0          0          0         68   fcmpi.o
       388         76          0          0          0         96   fdiv.o
       104          4          0          0          0         84   feqf.o
        54          4          0          0          0         84   ffix.o
        62          4          0          0          0         84   ffixu.o
        86          0          0          0          0        136   fflt_clz.o
       258          4          0          0          0         84   fmul.o
       140          4          0          0          0         84   fnaninf.o
        10          0          0          0          0         68   fretinf.o
         4          0          0          0          0         68   printf1.o
         0          0          0          0          0          0   usenofp.o
        40          0          0          0          0         68   fpclassify.o
        76          0          0          0          0         84   sqrt.o

    ----------------------------------------------------------------------
     10870        476        516          0         96       7364   Library Totals
        24          0          3          0          0          0   (incl. Padding)

    ----------------------------------------------------------------------

      Code (inc. data)   RO Data    RW Data    ZI Data      Debug   Library Name

      6864        272        513          0         96       4904   c_w.l
      3866        204          0          0          0       2308   fz_ws.l
       116          0          0          0          0        152   m_ws.l

    ----------------------------------------------------------------------
     10870        476        516          0         96       7364   Library Totals

    ----------------------------------------------------------------------

==============================================================================


      Code (inc. data)   RO Data    RW Data    ZI Data      Debug   

    106006       8646      10294        908    1095964     574881   Grand Totals
    106006       8646      10294        436    1095964     574881   ELF Image Totals (compressed)
    106006       8646      10294        436          0          0   ROM Totals

==============================================================================

    Total RO  Size (Code + RO Data)               116300 ( 113.57kB)
    Total RW  Size (RW Data + ZI Data)           1096872 (1071.16kB)
    Total ROM Size (Code + RO Data + RW Data)     116736 ( 114.00kB)

==============================================================================

