<html>
<body>
<pre>
<h1>礦ision Build Log</h1>
<h2>Tool Versions:</h2>
IDE-Version: μVision V5.33.0.0
Copyright (C) 2020 ARM Ltd and ARM Germany GmbH. All rights reserved.
License Information: 1 2434954452@qq.com, 1, LIC=IK1BF-6HAWZ-JJU6S-LCJJA-8XHR2-14ULR
 
Tool Versions:
Toolchain:       MDK-ARM Plus  Version: 5.33.0.0
Toolchain Path:  S:\install\keil5\ARM\ARMCC\Bin
C Compiler:      Armcc.exe V5.06 update 7 (build 960)
Assembler:       Armasm.exe V5.06 update 7 (build 960)
Linker/Locator:  ArmLink.exe V5.06 update 7 (build 960)
Library Manager: ArmAr.exe V5.06 update 7 (build 960)
Hex Converter:   FromElf.exe V5.06 update 7 (build 960)
CPU DLL:         SARMCM3.DLL V5.33.0.0
Dialog DLL:      DARMSTM.DLL V1.68.0.0
Target DLL:      Segger\JL2CM3.dll V2.99.38.0
Dialog DLL:      TARMSTM.DLL V1.66.0.0
 
<h2>Project:</h2>
F:\BaiduNetdiskDownload\战舰V3 资料盘(A盘)\4，程序源码\2，标准例程-库函数版本1\2，标准例程-库函数版本\实验44 录音机实验\USER\RECORDER.uvprojx
Project File Date:  05/03/2021

<h2>Output:</h2>
*** Using Compiler 'V5.06 update 7 (build 960)', folder: 'S:\install\keil5\ARM\ARMCC\Bin'
Build target 'MUSICPLAYER'
compiling recorder.c...
..\APP\recorder.c(115): warning:  #177-D: variable "j"  was declared but never referenced
  	int j;
..\APP\recorder.c(118): warning:  #177-D: variable "i"  was declared but never referenced
  	u16 i=0; 	
..\APP\recorder.c: 2 warnings, 0 errors
linking...
Program Size: Code=106006 RO-data=10294 RW-data=908 ZI-data=1095964  
FromELF: creating hex file...
"..\OBJ\RECORDER.axf" - 0 Error(s), 2 Warning(s).

<h2>Software Packages used:</h2>

Package Vendor: Keil
                http://www.keil.com/pack/Keil.STM32F1xx_DFP.1.0.5.pack
                Keil.STM32F1xx_DFP.1.0.5
                STMicroelectronics STM32F1 Series Device Support, Drivers and Examples

<h2>Collection of Component include folders:</h2>
  S:\install\keil5\Keil\STM32F1xx_DFP\1.0.5\Device\Include

<h2>Collection of Component Files used:</h2>
Build Time Elapsed:  00:00:01
</pre>
</body>
</html>
