<html>
<body>
<pre>
<h1>礦ision Build Log</h1>
<h2>Tool Versions:</h2>
IDE-Version: μVision V5.33.0.0
Copyright (C) 2020 ARM Ltd and ARM Germany GmbH. All rights reserved.
License Information: 1 2434954452@qq.com, 1, LIC=IK1BF-6HAWZ-JJU6S-LCJJA-8XHR2-14ULR
 
Tool Versions:
Toolchain:       MDK-ARM Plus  Version: 5.33.0.0
Toolchain Path:  S:\install\keil5\ARM\ARMCC\Bin
C Compiler:      Armcc.exe V5.06 update 7 (build 960)
Assembler:       Armasm.exe V5.06 update 7 (build 960)
Linker/Locator:  ArmLink.exe V5.06 update 7 (build 960)
Library Manager: ArmAr.exe V5.06 update 7 (build 960)
Hex Converter:   FromElf.exe V5.06 update 7 (build 960)
CPU DLL:         SARMCM3.DLL V5.33.0.0
Dialog DLL:      DARMSTM.DLL V1.68.0.0
Target DLL:      STLink\ST-LINKIII-KEIL_SWO.dll V3.0.8.0
Dialog DLL:      TARMSTM.DLL V1.66.0.0
 
<h2>Project:</h2>
F:\BaiduNetdiskDownload\【正点原子】WIFI模块ATK-ESP8266\【正点原子】WIFI模块ATK-ESP8266资料\2，程序源码\（库函数版本，适合战舰V3和精英STM32开发板）扩展实验13 ATK-ESP8266 WIFI模块测试实验\USER\ATK_ESP8266.uvprojx
Project File Date:  04/04/2021

<h2>Output:</h2>
*** Using Compiler 'V5.06 update 7 (build 960)', folder: 'S:\install\keil5\ARM\ARMCC\Bin'
Rebuild target 'Target 1'
assembling startup_stm32f10x_hd.s...
compiling core_cm3.c...
compiling stm32f10x_it.c...
compiling delay.c...
compiling usart.c...
compiling system_stm32f10x.c...
compiling 24cxx.c...
compiling main.c...
main.c(49): warning:  #167-D: argument of type "char *" is incompatible with parameter of type "u8 *"
  	LCD_ShowString(0,0, 240, 16, 16, cmd);
main.c(56): warning:  #167-D: argument of type "char *" is incompatible with parameter of type "u8 *"
  	LCD_ShowString(0,200, 240, 16, 16, cmd);
main.c(61): warning:  #167-D: argument of type "char *" is incompatible with parameter of type "u8 *"
  	LCD_ShowString(0,180, 240, 16, 16, cmd);
main.c(66): warning:  #167-D: argument of type "char *" is incompatible with parameter of type "u8 *"
  	LCD_ShowString(0,160, 240, 16, 16, cmd);
main.c(71): warning:  #167-D: argument of type "char *" is incompatible with parameter of type "u8 *"
  	LCD_ShowString(0,140, 240, 16, 16, cmd);
main.c(76): warning:  #167-D: argument of type "char *" is incompatible with parameter of type "u8 *"
  		LCD_ShowString(0,100, 240, 16, 16, cmd);
main.c(113): warning:  #177-D: variable "p"  was declared but never referenced
  	u8 *p;
main.c: 7 warnings, 0 errors
compiling sys.c...
compiling myiic.c...
compiling led.c...
compiling key.c...
compiling spi.c...
compiling timer.c...
compiling ctiic.c...
compiling ft5206.c...
compiling sdio_sdcard.c...
compiling lcd.c...
compiling usart3.c...
compiling ott2001a.c...
compiling gt9147.c...
compiling w25qxx.c...
compiling stm32f10x_dma.c...
compiling misc.c...
compiling touch.c...
compiling stm32f10x_exti.c...
compiling stm32f10x_gpio.c...
compiling stm32f10x_fsmc.c...
compiling stm32f10x_sdio.c...
compiling stm32f10x_usart.c...
compiling stm32f10x_spi.c...
compiling stm32f10x_rcc.c...
compiling malloc.c...
compiling stm32f10x_tim.c...
compiling usmart.c...
compiling usmart_str.c...
compiling usmart_config.c...
compiling ff.c...
compiling diskio.c...
compiling exfuns.c...
compiling mycc936.c...
compiling fattester.c...
compiling text.c...
compiling apsta.c...
compiling fontupd.c...
compiling wifiap.c...
compiling common.c...
..\ATK-ESP8266\common.c(560): warning:  #550-D: variable "key"  was set but never used
  	u8 key;
..\ATK-ESP8266\common.c(561): warning:  #177-D: variable "timex"  was declared but never referenced
  	u8 timex=0; 
..\ATK-ESP8266\common.c(562): warning:  #177-D: variable "ipbuf"  was declared but never referenced
  	u8 ipbuf[16]; 	//IP缓存
..\ATK-ESP8266\common.c(564): warning:  #177-D: variable "t"  was declared but never referenced
  	u16 t=999;		//加速第一次获取链接状态
..\ATK-ESP8266\common.c(565): warning:  #177-D: variable "res"  was declared but never referenced
  	u8 res=0;
..\ATK-ESP8266\common.c(566): warning:  #177-D: variable "rlen"  was declared but never referenced
  	u16 rlen=0;
..\ATK-ESP8266\common.c(567): warning:  #177-D: variable "constate"  was declared but never referenced
  	u8 constate=0;	//连接状态
..\ATK-ESP8266\common.c: 7 warnings, 0 errors
compiling wifista.c...
..\ATK-ESP8266\wifista.c(207): warning:  #177-D: variable "times"  was declared but never referenced
  	int times =0;
..\ATK-ESP8266\wifista.c(267): warning:  #177-D: label "PRESTA"  was declared but never referenced
  PRESTA:
..\ATK-ESP8266\wifista.c(406): warning:  #177-D: label "PRESTA"  was declared but never referenced
  PRESTA:
..\ATK-ESP8266\wifista.c: 3 warnings, 0 errors
linking...
Program Size: Code=65850 RO-data=8614 RW-data=512 ZI-data=1095912  
FromELF: creating hex file...
"..\OBJ\ATK_ESP8266.axf" - 0 Error(s), 17 Warning(s).

<h2>Software Packages used:</h2>

Package Vendor: Keil
                http://www.keil.com/pack/Keil.STM32F1xx_DFP.1.0.5.pack
                Keil.STM32F1xx_DFP.1.0.5
                STMicroelectronics STM32F1 Series Device Support, Drivers and Examples

<h2>Collection of Component include folders:</h2>
  S:\install\keil5\Keil\STM32F1xx_DFP\1.0.5\Device\Include

<h2>Collection of Component Files used:</h2>
Build Time Elapsed:  00:00:06
</pre>
</body>
</html>
