<html>
<body>
<pre>
<h1>礦ision Build Log</h1>
<h2>Tool Versions:</h2>
IDE-Version: μVision V5.33.0.0
Copyright (C) 2020 ARM Ltd and ARM Germany GmbH. All rights reserved.
License Information: 1 2434954452@qq.com, 1, LIC=IK1BF-6HAWZ-JJU6S-LCJJA-8XHR2-14ULR
 
Tool Versions:
Toolchain:       MDK-ARM Plus  Version: 5.33.0.0
Toolchain Path:  S:\install\keil5\ARM\ARMCC\Bin
C Compiler:      Armcc.exe V5.06 update 7 (build 960)
Assembler:       Armasm.exe V5.06 update 7 (build 960)
Linker/Locator:  ArmLink.exe V5.06 update 7 (build 960)
Library Manager: ArmAr.exe V5.06 update 7 (build 960)
Hex Converter:   FromElf.exe V5.06 update 7 (build 960)
CPU DLL:         SARMCM3.DLL V5.33.0.0
Dialog DLL:      DARMSTM.DLL V1.68.0.0
Target DLL:      Segger\JL2CM3.dll V2.99.38.0
Dialog DLL:      TARMSTM.DLL V1.66.0.0
 
<h2>Project:</h2>
F:\BaiduNetdiskDownload\战舰V3 资料盘(A盘)\4，程序源码\2，标准例程-库函数版本1\2，标准例程-库函数版本\实验44 录音机实验\USER\RECORDER.uvprojx
Project File Date:  05/03/2021

<h2>Output:</h2>
*** Using Compiler 'V5.06 update 7 (build 960)', folder: 'S:\install\keil5\ARM\ARMCC\Bin'
Rebuild target 'MUSICPLAYER'
compiling led.c...
compiling key.c...
compiling spi.c...
compiling tpad.c...
compiling system_stm32f10x.c...
compiling stm32f10x_it.c...
compiling main.c...
main.c(65): warning:  #177-D: variable "key"  was declared but never referenced
   	u8 key,fontok=0; 	    
main.c(65): warning:  #177-D: variable "fontok"  was declared but never referenced
   	u8 key,fontok=0; 	    
main.c(66): warning:  #177-D: variable "p"  was declared but never referenced
  	u8 *p;
main.c: 3 warnings, 0 errors
compiling lcd.c...
compiling w25qxx.c...
compiling ctiic.c...
compiling vs10xx.c...
compiling gt9147.c...
compiling ott2001a.c...
compiling ft5206.c...
compiling sdio_sdcard.c...
compiling touch.c...
compiling usart3.c...
compiling 24cxx.c...
compiling myiic.c...
assembling startup_stm32f10x_hd.s...
compiling delay.c...
compiling timer.c...
compiling core_cm3.c...
compiling usart.c...
compiling sys.c...
compiling misc.c...
compiling stm32f10x_fsmc.c...
compiling stm32f10x_gpio.c...
compiling stm32f10x_rcc.c...
compiling stm32f10x_spi.c...
compiling stm32f10x_usart.c...
compiling stm32f10x_dma.c...
compiling stm32f10x_tim.c...
compiling stm32f10x_sdio.c...
compiling malloc.c...
compiling ff.c...
compiling exfuns.c...
compiling diskio.c...
compiling fattester.c...
compiling mycc936.c...
compiling usmart.c...
compiling usmart_config.c...
compiling text.c...
compiling usmart_str.c...
compiling fontupd.c...
compiling apsta.c...
compiling recorder.c...
..\APP\recorder.c(114): warning:  #167-D: argument of type "u8 *" is incompatible with parameter of type "char *restrict"
  	sprintf(p,"正在录制：0:/RECORDER/%s",(char*)USART3_RX_BUF);
..\APP\recorder.c(260): warning:  #177-D: variable "j"  was declared but never referenced
  	int j;
..\APP\recorder.c(263): warning:  #177-D: variable "i"  was declared but never referenced
  	u16 i=0; 	
..\APP\recorder.c(346): warning:  #177-D: variable "rlen"  was declared but never referenced
  	int rlen = 0;
..\APP\recorder.c(348): warning:  #177-D: variable "key"  was declared but never referenced
  	u8 key;
..\APP\recorder.c(362): warning:  #177-D: variable "timecnt"  was declared but never referenced
  	u8 timecnt=0;					//计时器   
..\APP\recorder.c(483): warning:  #177-D: variable "xunhuan"  was declared but never referenced
  	int xunhuan =1;
..\APP\recorder.c(485): warning:  #550-D: variable "reciveTemp"  was set but never used
  	char * reciveTemp;
..\APP\recorder.c(486): warning:  #177-D: variable "rlen"  was declared but never referenced
  	int rlen = 0;
..\APP\recorder.c: 9 warnings, 0 errors
compiling wifiap.c...
compiling common.c...
..\ATK-ESP8266\common.c(601): warning:  #223-D: function "VS_SPI_SpeedHigh" declared implicitly
  				VS_SPI_SpeedHigh();	//高速						   
..\ATK-ESP8266\common.c(579): warning:  #177-D: variable "j"  was declared but never referenced
  		int j;
..\ATK-ESP8266\common.c(583): warning:  #177-D: variable "i"  was declared but never referenced
  		u16 i=0; 	
..\ATK-ESP8266\common.c(646): warning:  #120-D: return value type does not match the function type
  		return USART3_RX_BUF;
..\ATK-ESP8266\common.c(662): warning:  #167-D: argument of type "char *" is incompatible with parameter of type "u8 *"
  						while(atk_8266_send_cmd(p,"OK",200))
..\ATK-ESP8266\common.c(674): warning:  #177-D: variable "i"  was declared but never referenced
  	int i,netpro = 1;
..\ATK-ESP8266\common.c(674): warning:  #177-D: variable "netpro"  was declared but never referenced
  	int i,netpro = 1;
..\ATK-ESP8266\common.c(675): warning:  #177-D: variable "jisu"  was declared but never referenced
  	int jisu = 0;
..\ATK-ESP8266\common.c(676): warning:  #177-D: variable "temp"  was declared but never referenced
  	char * temp;
..\ATK-ESP8266\common.c(677): warning:  #550-D: variable "key"  was set but never used
  	u8 key;
..\ATK-ESP8266\common.c(678): warning:  #177-D: variable "timex"  was declared but never referenced
  	u8 timex=0; 
..\ATK-ESP8266\common.c(681): warning:  #177-D: variable "t"  was declared but never referenced
  	u16 t=999;		//加速第一次获取链接状态
..\ATK-ESP8266\common.c(682): warning:  #177-D: variable "res"  was declared but never referenced
  	u8 res=0;
..\ATK-ESP8266\common.c(683): warning:  #177-D: variable "rlen"  was declared but never referenced
  	u16 rlen=0;
..\ATK-ESP8266\common.c(684): warning:  #177-D: variable "constate"  was declared but never referenced
  	u8 constate=0;	//连接状态
..\ATK-ESP8266\common.c: 15 warnings, 0 errors
compiling wifista.c...
..\ATK-ESP8266\wifista.c(207): warning:  #177-D: variable "times"  was declared but never referenced
  	int times =0;
..\ATK-ESP8266\wifista.c(267): warning:  #177-D: label "PRESTA"  was declared but never referenced
  PRESTA:
..\ATK-ESP8266\wifista.c(406): warning:  #177-D: label "PRESTA"  was declared but never referenced
  PRESTA:
..\ATK-ESP8266\wifista.c: 3 warnings, 0 errors
linking...
Program Size: Code=107214 RO-data=10294 RW-data=908 ZI-data=1095964  
FromELF: creating hex file...
"..\OBJ\RECORDER.axf" - 0 Error(s), 30 Warning(s).

<h2>Software Packages used:</h2>

Package Vendor: Keil
                http://www.keil.com/pack/Keil.STM32F1xx_DFP.1.0.5.pack
                Keil.STM32F1xx_DFP.1.0.5
                STMicroelectronics STM32F1 Series Device Support, Drivers and Examples

<h2>Collection of Component include folders:</h2>
  S:\install\keil5\Keil\STM32F1xx_DFP\1.0.5\Device\Include

<h2>Collection of Component Files used:</h2>
Build Time Elapsed:  00:00:08
</pre>
</body>
</html>
